#
# There is insufficient memory for the Java Runtime Environment to continue.
# Native memory allocation (malloc) failed to allocate 1177808 bytes. Error detail: Chunk::new
# Possible reasons:
#   The system is out of physical RAM or swap space
#   This process is running with CompressedOops enabled, and the Java Heap may be blocking the growth of the native heap
# Possible solutions:
#   Reduce memory load on the system
#   Increase physical memory or swap space
#   Check if swap backing store is full
#   Decrease Java heap size (-Xmx/-Xms)
#   Decrease number of Java threads
#   Decrease Java thread stack sizes (-Xss)
#   Set larger code cache with -XX:ReservedCodeCacheSize=
#   JVM is running with Unscaled Compressed Oops mode in which the Java heap is
#     placed in the first 4GB address space. The Java Heap base address is the
#     maximum limit for the native heap growth. Please use -XX:HeapBaseMinAddress
#     to set the Java Heap base and to place the Java Heap above 4GB virtual address.
# This output file may be truncated or incomplete.
#
#  Out of Memory Error (arena.cpp:168), pid=25968, tid=1792
#
# JRE version: OpenJDK Runtime Environment Temurin-21.0.11+10 (21.0.11+10) (build 21.0.11+10-LTS)
# Java VM: OpenJDK 64-Bit Server VM Temurin-21.0.11+10 (21.0.11+10-LTS, mixed mode, sharing, tiered, compressed oops, compressed class ptrs, parallel gc, windows-amd64)
# No core dump will be written. Minidumps are not enabled by default on client versions of Windows
#

---------------  S U M M A R Y ------------

Command Line: --add-modules=ALL-SYSTEM --add-opens=java.base/java.util=ALL-UNNAMED --add-opens=java.base/java.lang=ALL-UNNAMED --add-opens=java.base/sun.nio.fs=ALL-UNNAMED -Declipse.application=org.eclipse.jdt.ls.core.id1 -Dosgi.bundles.defaultStartLevel=4 -Declipse.product=org.eclipse.jdt.ls.core.product -Djava.import.generatesMetadataFilesAtProjectRoot=false -DDetectVMInstallationsJob.disabled=true -Dfile.encoding=utf8 -XX:+UseParallelGC -XX:GCTimeRatio=4 -XX:AdaptiveSizePolicyWeight=90 -Dsun.zip.disableMemoryMapping=true -Xmx2G -Xms100m -Xlog:disable -javaagent:c:\Users\harih\.vscode\extensions\redhat.java-1.55.0-win32-x64\lombok\lombok-1.18.39-4050.jar -XX:+HeapDumpOnOutOfMemoryError -XX:HeapDumpPath=c:\Users\harih\AppData\Roaming\Code\User\workspaceStorage\e34770d203d12c85380cd6f5acdbab8e\redhat.java -Daether.dependencyCollector.impl=bf c:\Users\harih\.vscode\extensions\redhat.java-1.55.0-win32-x64\server\plugins\org.eclipse.equinox.launcher_1.7.200.v20260619-2039.jar -configuration c:\Users\harih\AppData\Roaming\Code\User\globalStorage\redhat.java\1.55.0\config_win -data c:\Users\harih\AppData\Roaming\Code\User\workspaceStorage\e34770d203d12c85380cd6f5acdbab8e\redhat.java\jdt_ws --pipe=\\.\pipe\lsp-8fd00c0fc4d2e5ca1406517f5221c533-sock

Host: 11th Gen Intel(R) Core(TM) i5-11400H @ 2.70GHz, 12 cores, 7G,  Windows 11 , 64 bit Build 26100 (10.0.26100.8737)
Time: Tue Jul 14 14:49:50 2026 India Standard Time elapsed time: 102.817112 seconds (0d 0h 1m 42s)

---------------  T H R E A D  ---------------

Current thread (0x0000022a819d8fb0):  JavaThread "C2 CompilerThread0" daemon [_thread_in_native, id=1792, stack(0x000000cea3f00000,0x000000cea4000000) (1024K)]


Current CompileTask:
C2:102817 15248       4       org.eclipse.jdt.internal.core.JarPackageFragmentRoot::initRawPackageInfo (292 bytes)

Stack: [0x000000cea3f00000,0x000000cea4000000]
Native frames: (J=compiled Java code, j=interpreted, Vv=VM code, C=native code)
V  [jvm.dll+0x6d7e19]
V  [jvm.dll+0x8b5096]
V  [jvm.dll+0x8b764e]
V  [jvm.dll+0x8b7d33]
V  [jvm.dll+0x284596]
V  [jvm.dll+0xc685d]
V  [jvm.dll+0xc6da1]
V  [jvm.dll+0x3bed6b]
V  [jvm.dll+0x1e4149]
V  [jvm.dll+0x24c853]
V  [jvm.dll+0x24bce0]
V  [jvm.dll+0x1cb4ae]
V  [jvm.dll+0x25baad]
V  [jvm.dll+0x25a03a]
V  [jvm.dll+0x3f868e]
V  [jvm.dll+0x85fb0d]
V  [jvm.dll+0x6d664d]
C  [ucrtbase.dll+0x2cd30]
C  [KERNEL32.DLL+0x2e957]
C  [ntdll.dll+0xaad6c]


---------------  P R O C E S S  ---------------

Threads class SMR info:
_java_thread_list=0x0000022a89ce7390, length=92, elements={
0x0000022a28c646a0, 0x0000022a28d04fd0, 0x0000022a28d06b40, 0x0000022a28d0c730,
0x0000022a28d0d740, 0x0000022a28d117a0, 0x0000022a28d16220, 0x0000022a819d8fb0,
0x0000022a819e3a70, 0x0000022a81c1d500, 0x0000022a81c34d60, 0x0000022a87619ae0,
0x0000022a875bad40, 0x0000022a81b69f70, 0x0000022a81a7f740, 0x0000022a81aa3310,
0x0000022a873c05d0, 0x0000022a879b88e0, 0x0000022a873ad0b0, 0x0000022a873aca20,
0x0000022a873aafe0, 0x0000022a873a9c30, 0x0000022a873aa950, 0x0000022a873abd00,
0x0000022a873ac390, 0x0000022a89c5a0c0, 0x0000022a89c59a30, 0x0000022a89c58d10,
0x0000022a89c5a750, 0x0000022a89c593a0, 0x0000022a89c57960, 0x0000022a89c572d0,
0x0000022a89c57ff0, 0x0000022a89c58680, 0x0000022a89d2d020, 0x0000022a89d2f780,
0x0000022a89d304a0, 0x0000022a89d2d6b0, 0x0000022a89d2e3d0, 0x0000022a89d2ea60,
0x0000022a89d2f0f0, 0x0000022a89d30b30, 0x0000022a89d311c0, 0x0000022a89d2dd40,
0x0000022a89d31850, 0x0000022a89d32570, 0x0000022a89d33920, 0x0000022a89d32c00,
0x0000022a89d33fb0, 0x0000022a89d34640, 0x0000022a89d31ee0, 0x0000022a89d33290,
0x0000022a88e29ed0, 0x0000022a88e2a560, 0x0000022a88e28490, 0x0000022a88e2bfa0,
0x0000022a88e28b20, 0x0000022a88e2b280, 0x0000022a88e2b910, 0x0000022a88e2c630,
0x0000022a88e2ccc0, 0x0000022a88e29840, 0x0000022a88e2d9e0, 0x0000022a88e2e070,
0x0000022a88e2e700, 0x0000022a88e2d350, 0x0000022a88e2ed90, 0x0000022a88e2f420,
0x0000022a873ab670, 0x0000022a881cd090, 0x0000022a881cca00, 0x0000022a881c9c10,
0x0000022a881cbce0, 0x0000022a881cc370, 0x0000022a881ca2a0, 0x0000022a881cd720,
0x0000022a881d0ba0, 0x0000022a881cddb0, 0x0000022a881cf160, 0x0000022a881cf7f0,
0x0000022a881cfe80, 0x0000022a881d0510, 0x0000022a881ce440, 0x0000022a875b1a70,
0x0000022a875b2100, 0x0000022a875b0d50, 0x0000022a875b2790, 0x0000022a875b2e20,
0x0000022a875b06c0, 0x0000022a875b13e0, 0x0000022a875b0030, 0x0000022a89451680
}

Java Threads: ( => current thread )
  0x0000022a28c646a0 JavaThread "main"                              [_thread_blocked, id=29100, stack(0x000000cea3500000,0x000000cea3600000) (1024K)]
  0x0000022a28d04fd0 JavaThread "Reference Handler"          daemon [_thread_blocked, id=27736, stack(0x000000cea3900000,0x000000cea3a00000) (1024K)]
  0x0000022a28d06b40 JavaThread "Finalizer"                  daemon [_thread_blocked, id=23208, stack(0x000000cea3a00000,0x000000cea3b00000) (1024K)]
  0x0000022a28d0c730 JavaThread "Signal Dispatcher"          daemon [_thread_blocked, id=26724, stack(0x000000cea3b00000,0x000000cea3c00000) (1024K)]
  0x0000022a28d0d740 JavaThread "Attach Listener"            daemon [_thread_blocked, id=23984, stack(0x000000cea3c00000,0x000000cea3d00000) (1024K)]
  0x0000022a28d117a0 JavaThread "Service Thread"             daemon [_thread_blocked, id=19668, stack(0x000000cea3d00000,0x000000cea3e00000) (1024K)]
  0x0000022a28d16220 JavaThread "Monitor Deflation Thread"   daemon [_thread_blocked, id=17888, stack(0x000000cea3e00000,0x000000cea3f00000) (1024K)]
=>0x0000022a819d8fb0 JavaThread "C2 CompilerThread0"         daemon [_thread_in_native, id=1792, stack(0x000000cea3f00000,0x000000cea4000000) (1024K)]
  0x0000022a819e3a70 JavaThread "C1 CompilerThread0"         daemon [_thread_blocked, id=10236, stack(0x000000cea4000000,0x000000cea4100000) (1024K)]
  0x0000022a81c1d500 JavaThread "Common-Cleaner"             daemon [_thread_blocked, id=3468, stack(0x000000cea4100000,0x000000cea4200000) (1024K)]
  0x0000022a81c34d60 JavaThread "Notification Thread"        daemon [_thread_blocked, id=26252, stack(0x000000cea4200000,0x000000cea4300000) (1024K)]
  0x0000022a87619ae0 JavaThread "Active Thread: Equinox Container: b927b330-ea22-4527-8e42-edc25a6b0f89"        [_thread_blocked, id=29804, stack(0x000000cea4900000,0x000000cea4a00000) (1024K)]
  0x0000022a875bad40 JavaThread "Refresh Thread: Equinox Container: b927b330-ea22-4527-8e42-edc25a6b0f89" daemon [_thread_blocked, id=5112, stack(0x000000cea4b00000,0x000000cea4c00000) (1024K)]
  0x0000022a81b69f70 JavaThread "Framework Event Dispatcher: Equinox Container: b927b330-ea22-4527-8e42-edc25a6b0f89" daemon [_thread_blocked, id=9068, stack(0x000000cea4c00000,0x000000cea4d00000) (1024K)]
  0x0000022a81a7f740 JavaThread "Start Level: Equinox Container: b927b330-ea22-4527-8e42-edc25a6b0f89" daemon [_thread_blocked, id=12284, stack(0x000000cea4d00000,0x000000cea4e00000) (1024K)]
  0x0000022a81aa3310 JavaThread "Bundle File Closer"         daemon [_thread_blocked, id=4460, stack(0x000000cea5000000,0x000000cea5100000) (1024K)]
  0x0000022a873c05d0 JavaThread "SCR Component Actor"        daemon [_thread_blocked, id=29396, stack(0x000000cea5100000,0x000000cea5200000) (1024K)]
  0x0000022a879b88e0 JavaThread "Worker-JM"                         [_thread_blocked, id=10140, stack(0x000000cea5200000,0x000000cea5300000) (1024K)]
  0x0000022a873ad0b0 JavaThread "JNA Cleaner"                daemon [_thread_blocked, id=23964, stack(0x000000cea5300000,0x000000cea5400000) (1024K)]
  0x0000022a873aca20 JavaThread "Worker-0"                          [_thread_blocked, id=23332, stack(0x000000cea5400000,0x000000cea5500000) (1024K)]
  0x0000022a873aafe0 JavaThread "Worker-1"                          [_thread_blocked, id=16604, stack(0x000000cea5500000,0x000000cea5600000) (1024K)]
  0x0000022a873a9c30 JavaThread "Worker-2"                          [_thread_blocked, id=5300, stack(0x000000cea5600000,0x000000cea5700000) (1024K)]
  0x0000022a873aa950 JavaThread "Worker-3: Publish Diagnostics"        [_thread_in_Java, id=15656, stack(0x000000cea5700000,0x000000cea5800000) (1024K)]
  0x0000022a873abd00 JavaThread "Java indexing"              daemon [_thread_blocked, id=20328, stack(0x000000cea5800000,0x000000cea5900000) (1024K)]
  0x0000022a873ac390 JavaThread "Worker-4"                          [_thread_blocked, id=1672, stack(0x000000cea5b00000,0x000000cea5c00000) (1024K)]
  0x0000022a89c5a0c0 JavaThread "Worker-5"                          [_thread_blocked, id=24496, stack(0x000000cea5c00000,0x000000cea5d00000) (1024K)]
  0x0000022a89c59a30 JavaThread "Worker-6"                          [_thread_blocked, id=16316, stack(0x000000cea5d00000,0x000000cea5e00000) (1024K)]
  0x0000022a89c58d10 JavaThread "Thread-1"                   daemon [_thread_in_native, id=17528, stack(0x000000cea5e00000,0x000000cea5f00000) (1024K)]
  0x0000022a89c5a750 JavaThread "Thread-2"                   daemon [_thread_in_native, id=21868, stack(0x000000cea5f00000,0x000000cea6000000) (1024K)]
  0x0000022a89c593a0 JavaThread "Thread-3"                   daemon [_thread_in_native, id=8136, stack(0x000000cea6000000,0x000000cea6100000) (1024K)]
  0x0000022a89c57960 JavaThread "Thread-4"                   daemon [_thread_in_native, id=18920, stack(0x000000cea6100000,0x000000cea6200000) (1024K)]
  0x0000022a89c572d0 JavaThread "Thread-5"                   daemon [_thread_in_native, id=12524, stack(0x000000cea6200000,0x000000cea6300000) (1024K)]
  0x0000022a89c57ff0 JavaThread "Thread-6"                   daemon [_thread_in_native, id=12716, stack(0x000000cea6300000,0x000000cea6400000) (1024K)]
  0x0000022a89c58680 JavaThread "Thread-7"                   daemon [_thread_in_native, id=27876, stack(0x000000cea6400000,0x000000cea6500000) (1024K)]
  0x0000022a89d2d020 JavaThread "Thread-8"                   daemon [_thread_in_native, id=29432, stack(0x000000cea6500000,0x000000cea6600000) (1024K)]
  0x0000022a89d2f780 JavaThread "Thread-9"                   daemon [_thread_in_native, id=10320, stack(0x000000cea6600000,0x000000cea6700000) (1024K)]
  0x0000022a89d304a0 JavaThread "Thread-10"                  daemon [_thread_in_native, id=12784, stack(0x000000cea6700000,0x000000cea6800000) (1024K)]
  0x0000022a89d2d6b0 JavaThread "Thread-11"                  daemon [_thread_in_native, id=23728, stack(0x000000cea6800000,0x000000cea6900000) (1024K)]
  0x0000022a89d2e3d0 JavaThread "Thread-12"                  daemon [_thread_in_native, id=26164, stack(0x000000cea6900000,0x000000cea6a00000) (1024K)]
  0x0000022a89d2ea60 JavaThread "Thread-13"                  daemon [_thread_in_native, id=18152, stack(0x000000cea6a00000,0x000000cea6b00000) (1024K)]
  0x0000022a89d2f0f0 JavaThread "pool-2-thread-1"                   [_thread_blocked, id=25940, stack(0x000000cea6b00000,0x000000cea6c00000) (1024K)]
  0x0000022a89d30b30 JavaThread "WorkspaceEventsHandler"            [_thread_blocked, id=26300, stack(0x000000cea6c00000,0x000000cea6d00000) (1024K)]
  0x0000022a89d311c0 JavaThread "pool-1-thread-1"                   [_thread_blocked, id=30656, stack(0x000000cea6d00000,0x000000cea6e00000) (1024K)]
  0x0000022a89d2dd40 JavaThread "LocalFile Deleter"          daemon [_thread_blocked, id=16828, stack(0x000000cea6f00000,0x000000cea7000000) (1024K)]
  0x0000022a89d31850 JavaThread "LocalFile Deleter"          daemon [_thread_blocked, id=7228, stack(0x000000cea7000000,0x000000cea7100000) (1024K)]
  0x0000022a89d32570 JavaThread "LocalFile Deleter"          daemon [_thread_blocked, id=19640, stack(0x000000cea7100000,0x000000cea7200000) (1024K)]
  0x0000022a89d33920 JavaThread "LocalFile Deleter"          daemon [_thread_blocked, id=3460, stack(0x000000cea7200000,0x000000cea7300000) (1024K)]
  0x0000022a89d32c00 JavaThread "LocalFile Deleter"          daemon [_thread_blocked, id=388, stack(0x000000cea7300000,0x000000cea7400000) (1024K)]
  0x0000022a89d33fb0 JavaThread "LocalFile Deleter"          daemon [_thread_blocked, id=15424, stack(0x000000cea7400000,0x000000cea7500000) (1024K)]
  0x0000022a89d34640 JavaThread "LocalFile Deleter"          daemon [_thread_blocked, id=7664, stack(0x000000cea7500000,0x000000cea7600000) (1024K)]
  0x0000022a89d31ee0 JavaThread "Compiler Source File Reader" daemon [_thread_blocked, id=1364, stack(0x000000cea7600000,0x000000cea7700000) (1024K)]
  0x0000022a89d33290 JavaThread "Compiler Source File Reader" daemon [_thread_blocked, id=30652, stack(0x000000cea7700000,0x000000cea7800000) (1024K)]
  0x0000022a88e29ed0 JavaThread "Compiler Source File Reader" daemon [_thread_blocked, id=1988, stack(0x000000cea7800000,0x000000cea7900000) (1024K)]
  0x0000022a88e2a560 JavaThread "Compiler Processing Task"   daemon [_thread_blocked, id=26856, stack(0x000000cea6e00000,0x000000cea6f00000) (1024K)]
  0x0000022a88e28490 JavaThread "Compiler Class File Writer" daemon [_thread_blocked, id=25440, stack(0x000000cea7900000,0x000000cea7a00000) (1024K)]
  0x0000022a88e2bfa0 JavaThread "Compiler Class File Writer" daemon [_thread_blocked, id=12140, stack(0x000000cea7a00000,0x000000cea7b00000) (1024K)]
  0x0000022a88e28b20 JavaThread "Compiler Class File Writer" daemon [_thread_blocked, id=29824, stack(0x000000cea7b00000,0x000000cea7c00000) (1024K)]
  0x0000022a88e2b280 JavaThread "Compiler Source File Reader" daemon [_thread_blocked, id=24372, stack(0x000000cea7c00000,0x000000cea7d00000) (1024K)]
  0x0000022a88e2b910 JavaThread "Compiler Class File Writer" daemon [_thread_blocked, id=2172, stack(0x000000cea7d00000,0x000000cea7e00000) (1024K)]
  0x0000022a88e2c630 JavaThread "Compiler Source File Reader" daemon [_thread_blocked, id=26980, stack(0x000000cea3200000,0x000000cea3300000) (1024K)]
  0x0000022a88e2ccc0 JavaThread "Compiler Class File Writer" daemon [_thread_blocked, id=20464, stack(0x000000cea3400000,0x000000cea3500000) (1024K)]
  0x0000022a88e29840 JavaThread "Compiler Source File Reader" daemon [_thread_blocked, id=6268, stack(0x000000cea7e00000,0x000000cea7f00000) (1024K)]
  0x0000022a88e2d9e0 JavaThread "Compiler Class File Writer" daemon [_thread_blocked, id=15024, stack(0x000000cea7f00000,0x000000cea8000000) (1024K)]
  0x0000022a88e2e070 JavaThread "LocalFile Deleter"          daemon [_thread_blocked, id=6464, stack(0x000000cea8000000,0x000000cea8100000) (1024K)]
  0x0000022a88e2e700 JavaThread "Compiler Source File Reader" daemon [_thread_blocked, id=24488, stack(0x000000cea8100000,0x000000cea8200000) (1024K)]
  0x0000022a88e2d350 JavaThread "Compiler Source File Reader" daemon [_thread_blocked, id=25684, stack(0x000000cea8200000,0x000000cea8300000) (1024K)]
  0x0000022a88e2ed90 JavaThread "Compiler Source File Reader" daemon [_thread_blocked, id=29024, stack(0x000000cea8300000,0x000000cea8400000) (1024K)]
  0x0000022a88e2f420 JavaThread "Compiler Class File Writer" daemon [_thread_blocked, id=6516, stack(0x000000cea8400000,0x000000cea8500000) (1024K)]
  0x0000022a873ab670 JavaThread "Compiler Class File Writer" daemon [_thread_blocked, id=29564, stack(0x000000cea8500000,0x000000cea8600000) (1024K)]
  0x0000022a881cd090 JavaThread "Compiler Class File Writer" daemon [_thread_blocked, id=12436, stack(0x000000cea8600000,0x000000cea8700000) (1024K)]
  0x0000022a881cca00 JavaThread "Compiler Source File Reader" daemon [_thread_blocked, id=644, stack(0x000000cea8700000,0x000000cea8800000) (1024K)]
  0x0000022a881c9c10 JavaThread "Compiler Class File Writer" daemon [_thread_blocked, id=23052, stack(0x000000cea8800000,0x000000cea8900000) (1024K)]
  0x0000022a881cbce0 JavaThread "LocalFile Deleter"          daemon [_thread_blocked, id=24704, stack(0x000000cea8900000,0x000000cea8a00000) (1024K)]
  0x0000022a881cc370 JavaThread "LocalFile Deleter"          daemon [_thread_blocked, id=20004, stack(0x000000cea8a00000,0x000000cea8b00000) (1024K)]
  0x0000022a881ca2a0 JavaThread "LocalFile Deleter"          daemon [_thread_blocked, id=16860, stack(0x000000cea8b00000,0x000000cea8c00000) (1024K)]
  0x0000022a881cd720 JavaThread "LocalFile Deleter"          daemon [_thread_blocked, id=6756, stack(0x000000cea8c00000,0x000000cea8d00000) (1024K)]
  0x0000022a881d0ba0 JavaThread "PatternSearchJob-worker-1"  daemon [_thread_blocked, id=18156, stack(0x000000cea8d00000,0x000000cea8e00000) (1024K)]
  0x0000022a881cddb0 JavaThread "ForkJoinPool.commonPool-worker-1" daemon [_thread_in_native, id=14940, stack(0x000000cea3300000,0x000000cea3400000) (1024K)]
  0x0000022a881cf160 JavaThread "ForkJoinPool.commonPool-worker-2" daemon [_thread_blocked, id=25460, stack(0x000000cea8e00000,0x000000cea8f00000) (1024K)]
  0x0000022a881cf7f0 JavaThread "ForkJoinPool.commonPool-worker-3" daemon [_thread_blocked, id=17196, stack(0x000000cea8f00000,0x000000cea9000000) (1024K)]
  0x0000022a881cfe80 JavaThread "ForkJoinPool.commonPool-worker-4" daemon [_thread_blocked, id=12876, stack(0x000000cea9000000,0x000000cea9100000) (1024K)]
  0x0000022a881d0510 JavaThread "PatternSearchJob-worker-2"  daemon [_thread_blocked, id=2124, stack(0x000000cea9100000,0x000000cea9200000) (1024K)]
  0x0000022a881ce440 JavaThread "PatternSearchJob-worker-3"  daemon [_thread_blocked, id=5440, stack(0x000000cea9200000,0x000000cea9300000) (1024K)]
  0x0000022a875b1a70 JavaThread "PatternSearchJob-worker-4"  daemon [_thread_blocked, id=23028, stack(0x000000cea9300000,0x000000cea9400000) (1024K)]
  0x0000022a875b2100 JavaThread "PatternSearchJob-worker-5"  daemon [_thread_blocked, id=5172, stack(0x000000cea9400000,0x000000cea9500000) (1024K)]
  0x0000022a875b0d50 JavaThread "PatternSearchJob-worker-6"  daemon [_thread_blocked, id=18128, stack(0x000000cea9500000,0x000000cea9600000) (1024K)]
  0x0000022a875b2790 JavaThread "PatternSearchJob-worker-7"  daemon [_thread_blocked, id=28396, stack(0x000000cea9600000,0x000000cea9700000) (1024K)]
  0x0000022a875b2e20 JavaThread "PatternSearchJob-worker-8"  daemon [_thread_blocked, id=6056, stack(0x000000cea9700000,0x000000cea9800000) (1024K)]
  0x0000022a875b06c0 JavaThread "PatternSearchJob-worker-10" daemon [_thread_blocked, id=19664, stack(0x000000cea9800000,0x000000cea9900000) (1024K)]
  0x0000022a875b13e0 JavaThread "PatternSearchJob-worker-9"  daemon [_thread_blocked, id=22272, stack(0x000000cea9900000,0x000000cea9a00000) (1024K)]
  0x0000022a875b0030 JavaThread "PatternSearchJob-worker-11" daemon [_thread_blocked, id=5452, stack(0x000000cea9a00000,0x000000cea9b00000) (1024K)]
  0x0000022a89451680 JavaThread "C2 CompilerThread1"         daemon [_thread_in_native, id=27132, stack(0x000000cea9b00000,0x000000cea9c00000) (1024K)]
Total: 92

Other Threads:
  0x0000022a28d04980 VMThread "VM Thread"                           [id=14312, stack(0x000000cea3800000,0x000000cea3900000) (1024K)]
  0x0000022a28cd1600 WatcherThread "VM Periodic Task Thread"        [id=24364, stack(0x000000cea3700000,0x000000cea3800000) (1024K)]
  0x0000022a28c83ed0 WorkerThread "GC Thread#0"                     [id=1252, stack(0x000000cea3600000,0x000000cea3700000) (1024K)]
  0x0000022a871ed490 WorkerThread "GC Thread#1"                     [id=30104, stack(0x000000cea4300000,0x000000cea4400000) (1024K)]
  0x0000022a87148f70 WorkerThread "GC Thread#2"                     [id=18712, stack(0x000000cea4400000,0x000000cea4500000) (1024K)]
  0x0000022a87177940 WorkerThread "GC Thread#3"                     [id=12428, stack(0x000000cea4500000,0x000000cea4600000) (1024K)]
  0x0000022a87177cf0 WorkerThread "GC Thread#4"                     [id=10548, stack(0x000000cea4600000,0x000000cea4700000) (1024K)]
  0x0000022a871e29d0 WorkerThread "GC Thread#5"                     [id=27164, stack(0x000000cea4700000,0x000000cea4800000) (1024K)]
  0x0000022a871e2d80 WorkerThread "GC Thread#6"                     [id=26692, stack(0x000000cea4800000,0x000000cea4900000) (1024K)]
  0x0000022a875ba440 WorkerThread "GC Thread#7"                     [id=26336, stack(0x000000cea4a00000,0x000000cea4b00000) (1024K)]
  0x0000022a873e2240 WorkerThread "GC Thread#8"                     [id=21908, stack(0x000000cea4e00000,0x000000cea4f00000) (1024K)]
  0x0000022a8790dfb0 WorkerThread "GC Thread#9"                     [id=30596, stack(0x000000cea4f00000,0x000000cea5000000) (1024K)]
Total: 12

Threads with active compile tasks:
C2 CompilerThread0  102870 15248       4       org.eclipse.jdt.internal.core.JarPackageFragmentRoot::initRawPackageInfo (292 bytes)
C2 CompilerThread1  102870 15260  s    4       org.eclipse.jdt.internal.core.JavaModelManager::getInfo (39 bytes)
Total: 2

VM state: not at safepoint (normal execution)

VM Mutex/Monitor currently owned by a thread: None

Heap address: 0x0000000080000000, size: 2048 MB, Compressed Oops mode: 32-bit

CDS archive(s) mapped at: [0x0000022a40000000-0x0000022a40ba0000-0x0000022a40ba0000), size 12189696, SharedBaseAddress: 0x0000022a40000000, ArchiveRelocationMode: 1.
Compressed class space mapped at: 0x0000022a41000000-0x0000022a81000000, reserved size: 1073741824
Narrow klass base: 0x0000022a40000000, Narrow klass shift: 0, Narrow klass range: 0x100000000

GC Precious Log:
 CardTable entry size: 512
 CPUs: 12 total, 12 available
 Memory: 7930M
 Large Page Support: Disabled
 NUMA Support: Disabled
 Compressed Oops: Enabled (32-bit)
 Alignments: Space 512K, Generation 512K, Heap 2M
 Heap Min Capacity: 100M
 Heap Initial Capacity: 100M
 Heap Max Capacity: 2G
 Pre-touch: Disabled
 Parallel Workers: 10

Heap:
 PSYoungGen      total 3072K, used 814K [0x00000000d5580000, 0x00000000d5a00000, 0x0000000100000000)
  eden space 2560K, 19% used [0x00000000d5580000,0x00000000d55ff978,0x00000000d5800000)
  from space 512K, 59% used [0x00000000d5980000,0x00000000d59cc120,0x00000000d5a00000)
  to   space 512K, 0% used [0x00000000d5900000,0x00000000d5900000,0x00000000d5980000)
 ParOldGen       total 197120K, used 196956K [0x0000000080000000, 0x000000008c080000, 0x00000000d5580000)
  object space 197120K, 99% used [0x0000000080000000,0x000000008c057040,0x000000008c080000)
 Metaspace       used 69496K, committed 71232K, reserved 1114112K
  class space    used 7383K, committed 8128K, reserved 1048576K

Card table byte_map: [0x0000022a28600000,0x0000022a28a10000] _byte_map_base: 0x0000022a28200000

Marking Bits: (ParMarkBitMap*) 0x00007ffb46384460
 Begin Bits: [0x0000022a3b110000, 0x0000022a3d110000)
 End Bits:   [0x0000022a3d110000, 0x0000022a3f110000)

Polling page: 0x0000022a26b00000

Metaspace:

Usage:
  Non-class:     60.66 MB used.
      Class:      7.21 MB used.
       Both:     67.87 MB used.

Virtual space:
  Non-class space:       64.00 MB reserved,      61.62 MB ( 96%) committed,  1 nodes.
      Class space:        1.00 GB reserved,       7.94 MB ( <1%) committed,  1 nodes.
             Both:        1.06 GB reserved,      69.56 MB (  6%) committed. 

Chunk freelists:
   Non-Class:  2.17 MB
       Class:  8.01 MB
        Both:  10.18 MB

MaxMetaspaceSize: unlimited
CompressedClassSpaceSize: 1.00 GB
Initial GC threshold: 21.00 MB
Current GC threshold: 97.31 MB
CDS: on
 - commit_granule_bytes: 65536.
 - commit_granule_words: 8192.
 - virtual_space_node_default_size: 8388608.
 - enlarge_chunks_in_place: 1.
 - use_allocation_guard: 0.


Internal statistics:

num_allocs_failed_limit: 9.
num_arena_births: 1320.
num_arena_deaths: 20.
num_vsnodes_births: 2.
num_vsnodes_deaths: 0.
num_space_committed: 1113.
num_space_uncommitted: 0.
num_chunks_returned_to_freelist: 32.
num_chunks_taken_from_freelist: 4696.
num_chunk_merges: 16.
num_chunk_splits: 2868.
num_chunks_enlarged: 1652.
num_inconsistent_stats: 0.

CodeHeap 'non-profiled nmethods': size=120000Kb used=11778Kb max_used=11778Kb free=108222Kb
 bounds [0x0000022a33930000, 0x0000022a344c0000, 0x0000022a3ae60000]
CodeHeap 'profiled nmethods': size=120000Kb used=32999Kb max_used=32999Kb free=87001Kb
 bounds [0x0000022a2be60000, 0x0000022a2dea0000, 0x0000022a33390000]
CodeHeap 'non-nmethods': size=5760Kb used=1445Kb max_used=1518Kb free=4314Kb
 bounds [0x0000022a33390000, 0x0000022a33600000, 0x0000022a33930000]
CodeCache: size=245760Kb, used=46222Kb, max_used=46295Kb, free=199537Kb
 total_blobs=15012, nmethods=14262, adapters=655, full_count=0
Compilation: enabled, stopped_count=0, restarted_count=0

Compilation events (20 events):
Event: 101.314 Thread 0x0000022a819d8fb0 nmethod 15236 0x0000022a344a2490 code [0x0000022a344a29a0, 0x0000022a344a70e8]
Event: 101.314 Thread 0x0000022a819d8fb0 15238 %     4       java.text.MessageFormat::applyPattern @ 34 (422 bytes)
Event: 101.339 Thread 0x0000022a819d8fb0 nmethod 15238% 0x0000022a344a9d10 code [0x0000022a344aa0a0, 0x0000022a344ac590]
Event: 101.339 Thread 0x0000022a819d8fb0 15240       4       java.util.zip.ZipFile$Source::getMetaVersion (221 bytes)
Event: 101.341 Thread 0x0000022a819d8fb0 nmethod 15240 0x0000022a344ad990 code [0x0000022a344adb60, 0x0000022a344adf00]
Event: 101.341 Thread 0x0000022a819d8fb0 15239       4       java.util.ImmutableCollections$AbstractImmutableList::iterator (13 bytes)
Event: 101.342 Thread 0x0000022a819d8fb0 nmethod 15239 0x0000022a344ae210 code [0x0000022a344ae3c0, 0x0000022a344ae558]
Event: 101.342 Thread 0x0000022a819d8fb0 15243   !   4       org.eclipse.jdt.internal.core.util.Util::parseIntOrElse (12 bytes)
Event: 101.346 Thread 0x0000022a819d8fb0 nmethod 15243 0x0000022a344ae690 code [0x0000022a344ae880, 0x0000022a344aede0]
Event: 101.373 Thread 0x0000022a819d8fb0 15245       4       org.eclipse.jdt.internal.core.util.WeakHashSet::rehash (90 bytes)
Event: 101.375 Thread 0x0000022a819e3a70 15246       3       java.util.ImmutableCollections$MapN::<init> (150 bytes)
Event: 101.375 Thread 0x0000022a819e3a70 nmethod 15246 0x0000022a2de8cf10 code [0x0000022a2de8d220, 0x0000022a2de8e3a8]
Event: 101.384 Thread 0x0000022a819d8fb0 nmethod 15245 0x0000022a344af310 code [0x0000022a344af500, 0x0000022a344afdf0]
Event: 101.384 Thread 0x0000022a819d8fb0 15247       4       org.eclipse.jdt.internal.core.JavaElement::<init> (26 bytes)
Event: 101.384 Thread 0x0000022a819d8fb0 nmethod 15247 0x0000022a344b0490 code [0x0000022a344b0620, 0x0000022a344b0728]
Event: 101.486 Thread 0x0000022a819d8fb0 15248       4       org.eclipse.jdt.internal.core.JarPackageFragmentRoot::initRawPackageInfo (292 bytes)
Event: 101.487 Thread 0x0000022a819e3a70 15249       3       java.util.ArrayList$SubList::equals (47 bytes)
Event: 101.488 Thread 0x0000022a819e3a70 nmethod 15249 0x0000022a2de8ea10 code [0x0000022a2de8ec00, 0x0000022a2de8f238]
Event: 102.567 Thread 0x0000022a819e3a70 15251       3       java.util.ImmutableCollections$MapN$1::iterator (12 bytes)
Event: 102.567 Thread 0x0000022a819e3a70 nmethod 15251 0x0000022a2de8f410 code [0x0000022a2de8f5c0, 0x0000022a2de8f768]

GC Heap History (20 events):
Event: 101.264 GC heap before
{Heap before GC invocations=307 (full 3):
 PSYoungGen      total 3072K, used 2879K [0x00000000d5580000, 0x00000000d5a00000, 0x0000000100000000)
  eden space 2560K, 99% used [0x00000000d5580000,0x00000000d57ffff0,0x00000000d5800000)
  from space 512K, 62% used [0x00000000d5900000,0x00000000d5950000,0x00000000d5980000)
  to   space 512K, 0% used [0x00000000d5980000,0x00000000d5980000,0x00000000d5a00000)
 ParOldGen       total 195072K, used 194742K [0x0000000080000000, 0x000000008be80000, 0x00000000d5580000)
  object space 195072K, 99% used [0x0000000080000000,0x000000008be2dba0,0x000000008be80000)
 Metaspace       used 69481K, committed 71168K, reserved 1114112K
  class space    used 7383K, committed 8128K, reserved 1048576K
}
Event: 101.265 GC heap after
{Heap after GC invocations=307 (full 3):
 PSYoungGen      total 3072K, used 288K [0x00000000d5580000, 0x00000000d5a00000, 0x0000000100000000)
  eden space 2560K, 0% used [0x00000000d5580000,0x00000000d5580000,0x00000000d5800000)
  from space 512K, 56% used [0x00000000d5980000,0x00000000d59c8000,0x00000000d5a00000)
  to   space 512K, 0% used [0x00000000d5900000,0x00000000d5900000,0x00000000d5980000)
 ParOldGen       total 195072K, used 194918K [0x0000000080000000, 0x000000008be80000, 0x00000000d5580000)
  object space 195072K, 99% used [0x0000000080000000,0x000000008be59bb0,0x000000008be80000)
 Metaspace       used 69481K, committed 71168K, reserved 1114112K
  class space    used 7383K, committed 8128K, reserved 1048576K
}
Event: 101.270 GC heap before
{Heap before GC invocations=308 (full 3):
 PSYoungGen      total 3072K, used 2848K [0x00000000d5580000, 0x00000000d5a00000, 0x0000000100000000)
  eden space 2560K, 100% used [0x00000000d5580000,0x00000000d5800000,0x00000000d5800000)
  from space 512K, 56% used [0x00000000d5980000,0x00000000d59c8000,0x00000000d5a00000)
  to   space 512K, 0% used [0x00000000d5900000,0x00000000d5900000,0x00000000d5980000)
 ParOldGen       total 195072K, used 194918K [0x0000000080000000, 0x000000008be80000, 0x00000000d5580000)
  object space 195072K, 99% used [0x0000000080000000,0x000000008be59bb0,0x000000008be80000)
 Metaspace       used 69481K, committed 71168K, reserved 1114112K
  class space    used 7383K, committed 8128K, reserved 1048576K
}
Event: 101.271 GC heap after
{Heap after GC invocations=308 (full 3):
 PSYoungGen      total 3072K, used 288K [0x00000000d5580000, 0x00000000d5a00000, 0x0000000100000000)
  eden space 2560K, 0% used [0x00000000d5580000,0x00000000d5580000,0x00000000d5800000)
  from space 512K, 56% used [0x00000000d5900000,0x00000000d5948000,0x00000000d5980000)
  to   space 512K, 0% used [0x00000000d5980000,0x00000000d5980000,0x00000000d5a00000)
 ParOldGen       total 195072K, used 195030K [0x0000000080000000, 0x000000008be80000, 0x00000000d5580000)
  object space 195072K, 99% used [0x0000000080000000,0x000000008be75bb0,0x000000008be80000)
 Metaspace       used 69481K, committed 71168K, reserved 1114112K
  class space    used 7383K, committed 8128K, reserved 1048576K
}
Event: 101.275 GC heap before
{Heap before GC invocations=309 (full 3):
 PSYoungGen      total 3072K, used 2848K [0x00000000d5580000, 0x00000000d5a00000, 0x0000000100000000)
  eden space 2560K, 100% used [0x00000000d5580000,0x00000000d5800000,0x00000000d5800000)
  from space 512K, 56% used [0x00000000d5900000,0x00000000d5948000,0x00000000d5980000)
  to   space 512K, 0% used [0x00000000d5980000,0x00000000d5980000,0x00000000d5a00000)
 ParOldGen       total 195072K, used 195030K [0x0000000080000000, 0x000000008be80000, 0x00000000d5580000)
  object space 195072K, 99% used [0x0000000080000000,0x000000008be75bb0,0x000000008be80000)
 Metaspace       used 69481K, committed 71168K, reserved 1114112K
  class space    used 7383K, committed 8128K, reserved 1048576K
}
Event: 101.276 GC heap after
{Heap after GC invocations=309 (full 3):
 PSYoungGen      total 3072K, used 288K [0x00000000d5580000, 0x00000000d5a00000, 0x0000000100000000)
  eden space 2560K, 0% used [0x00000000d5580000,0x00000000d5580000,0x00000000d5800000)
  from space 512K, 56% used [0x00000000d5980000,0x00000000d59c8000,0x00000000d5a00000)
  to   space 512K, 0% used [0x00000000d5900000,0x00000000d5900000,0x00000000d5980000)
 ParOldGen       total 195584K, used 195102K [0x0000000080000000, 0x000000008bf00000, 0x00000000d5580000)
  object space 195584K, 99% used [0x0000000080000000,0x000000008be87bb0,0x000000008bf00000)
 Metaspace       used 69481K, committed 71168K, reserved 1114112K
  class space    used 7383K, committed 8128K, reserved 1048576K
}
Event: 101.279 GC heap before
{Heap before GC invocations=310 (full 3):
 PSYoungGen      total 3072K, used 2848K [0x00000000d5580000, 0x00000000d5a00000, 0x0000000100000000)
  eden space 2560K, 100% used [0x00000000d5580000,0x00000000d5800000,0x00000000d5800000)
  from space 512K, 56% used [0x00000000d5980000,0x00000000d59c8000,0x00000000d5a00000)
  to   space 512K, 0% used [0x00000000d5900000,0x00000000d5900000,0x00000000d5980000)
 ParOldGen       total 195584K, used 195102K [0x0000000080000000, 0x000000008bf00000, 0x00000000d5580000)
  object space 195584K, 99% used [0x0000000080000000,0x000000008be87bb0,0x000000008bf00000)
 Metaspace       used 69481K, committed 71168K, reserved 1114112K
  class space    used 7383K, committed 8128K, reserved 1048576K
}
Event: 101.280 GC heap after
{Heap after GC invocations=310 (full 3):
 PSYoungGen      total 3072K, used 288K [0x00000000d5580000, 0x00000000d5a00000, 0x0000000100000000)
  eden space 2560K, 0% used [0x00000000d5580000,0x00000000d5580000,0x00000000d5800000)
  from space 512K, 56% used [0x00000000d5900000,0x00000000d5948000,0x00000000d5980000)
  to   space 512K, 0% used [0x00000000d5980000,0x00000000d5980000,0x00000000d5a00000)
 ParOldGen       total 195584K, used 195190K [0x0000000080000000, 0x000000008bf00000, 0x00000000d5580000)
  object space 195584K, 99% used [0x0000000080000000,0x000000008be9dbb0,0x000000008bf00000)
 Metaspace       used 69481K, committed 71168K, reserved 1114112K
  class space    used 7383K, committed 8128K, reserved 1048576K
}
Event: 101.283 GC heap before
{Heap before GC invocations=311 (full 3):
 PSYoungGen      total 3072K, used 2848K [0x00000000d5580000, 0x00000000d5a00000, 0x0000000100000000)
  eden space 2560K, 100% used [0x00000000d5580000,0x00000000d5800000,0x00000000d5800000)
  from space 512K, 56% used [0x00000000d5900000,0x00000000d5948000,0x00000000d5980000)
  to   space 512K, 0% used [0x00000000d5980000,0x00000000d5980000,0x00000000d5a00000)
 ParOldGen       total 195584K, used 195190K [0x0000000080000000, 0x000000008bf00000, 0x00000000d5580000)
  object space 195584K, 99% used [0x0000000080000000,0x000000008be9dbb0,0x000000008bf00000)
 Metaspace       used 69481K, committed 71168K, reserved 1114112K
  class space    used 7383K, committed 8128K, reserved 1048576K
}
Event: 101.283 GC heap after
{Heap after GC invocations=311 (full 3):
 PSYoungGen      total 3072K, used 256K [0x00000000d5580000, 0x00000000d5a00000, 0x0000000100000000)
  eden space 2560K, 0% used [0x00000000d5580000,0x00000000d5580000,0x00000000d5800000)
  from space 512K, 50% used [0x00000000d5980000,0x00000000d59c0000,0x00000000d5a00000)
  to   space 512K, 0% used [0x00000000d5900000,0x00000000d5900000,0x00000000d5980000)
 ParOldGen       total 195584K, used 195278K [0x0000000080000000, 0x000000008bf00000, 0x00000000d5580000)
  object space 195584K, 99% used [0x0000000080000000,0x000000008beb3bb0,0x000000008bf00000)
 Metaspace       used 69481K, committed 71168K, reserved 1114112K
  class space    used 7383K, committed 8128K, reserved 1048576K
}
Event: 101.286 GC heap before
{Heap before GC invocations=312 (full 3):
 PSYoungGen      total 3072K, used 2816K [0x00000000d5580000, 0x00000000d5a00000, 0x0000000100000000)
  eden space 2560K, 100% used [0x00000000d5580000,0x00000000d5800000,0x00000000d5800000)
  from space 512K, 50% used [0x00000000d5980000,0x00000000d59c0000,0x00000000d5a00000)
  to   space 512K, 0% used [0x00000000d5900000,0x00000000d5900000,0x00000000d5980000)
 ParOldGen       total 195584K, used 195278K [0x0000000080000000, 0x000000008bf00000, 0x00000000d5580000)
  object space 195584K, 99% used [0x0000000080000000,0x000000008beb3bb0,0x000000008bf00000)
 Metaspace       used 69481K, committed 71168K, reserved 1114112K
  class space    used 7383K, committed 8128K, reserved 1048576K
}
Event: 101.287 GC heap after
{Heap after GC invocations=312 (full 3):
 PSYoungGen      total 3072K, used 256K [0x00000000d5580000, 0x00000000d5a00000, 0x0000000100000000)
  eden space 2560K, 0% used [0x00000000d5580000,0x00000000d5580000,0x00000000d5800000)
  from space 512K, 50% used [0x00000000d5900000,0x00000000d5940000,0x00000000d5980000)
  to   space 512K, 0% used [0x00000000d5980000,0x00000000d5980000,0x00000000d5a00000)
 ParOldGen       total 195584K, used 195358K [0x0000000080000000, 0x000000008bf00000, 0x00000000d5580000)
  object space 195584K, 99% used [0x0000000080000000,0x000000008bec7bb0,0x000000008bf00000)
 Metaspace       used 69481K, committed 71168K, reserved 1114112K
  class space    used 7383K, committed 8128K, reserved 1048576K
}
Event: 101.290 GC heap before
{Heap before GC invocations=313 (full 3):
 PSYoungGen      total 3072K, used 2816K [0x00000000d5580000, 0x00000000d5a00000, 0x0000000100000000)
  eden space 2560K, 100% used [0x00000000d5580000,0x00000000d5800000,0x00000000d5800000)
  from space 512K, 50% used [0x00000000d5900000,0x00000000d5940000,0x00000000d5980000)
  to   space 512K, 0% used [0x00000000d5980000,0x00000000d5980000,0x00000000d5a00000)
 ParOldGen       total 195584K, used 195358K [0x0000000080000000, 0x000000008bf00000, 0x00000000d5580000)
  object space 195584K, 99% used [0x0000000080000000,0x000000008bec7bb0,0x000000008bf00000)
 Metaspace       used 69481K, committed 71168K, reserved 1114112K
  class space    used 7383K, committed 8128K, reserved 1048576K
}
Event: 101.290 GC heap after
{Heap after GC invocations=313 (full 3):
 PSYoungGen      total 3072K, used 288K [0x00000000d5580000, 0x00000000d5a00000, 0x0000000100000000)
  eden space 2560K, 0% used [0x00000000d5580000,0x00000000d5580000,0x00000000d5800000)
  from space 512K, 56% used [0x00000000d5980000,0x00000000d59c8000,0x00000000d5a00000)
  to   space 512K, 0% used [0x00000000d5900000,0x00000000d5900000,0x00000000d5980000)
 ParOldGen       total 195584K, used 195430K [0x0000000080000000, 0x000000008bf00000, 0x00000000d5580000)
  object space 195584K, 99% used [0x0000000080000000,0x000000008bed9bb0,0x000000008bf00000)
 Metaspace       used 69481K, committed 71168K, reserved 1114112K
  class space    used 7383K, committed 8128K, reserved 1048576K
}
Event: 101.293 GC heap before
{Heap before GC invocations=314 (full 3):
 PSYoungGen      total 3072K, used 2848K [0x00000000d5580000, 0x00000000d5a00000, 0x0000000100000000)
  eden space 2560K, 100% used [0x00000000d5580000,0x00000000d5800000,0x00000000d5800000)
  from space 512K, 56% used [0x00000000d5980000,0x00000000d59c8000,0x00000000d5a00000)
  to   space 512K, 0% used [0x00000000d5900000,0x00000000d5900000,0x00000000d5980000)
 ParOldGen       total 195584K, used 195430K [0x0000000080000000, 0x000000008bf00000, 0x00000000d5580000)
  object space 195584K, 99% used [0x0000000080000000,0x000000008bed9bb0,0x000000008bf00000)
 Metaspace       used 69481K, committed 71168K, reserved 1114112K
  class space    used 7383K, committed 8128K, reserved 1048576K
}
Event: 101.294 GC heap after
{Heap after GC invocations=314 (full 3):
 PSYoungGen      total 3072K, used 256K [0x00000000d5580000, 0x00000000d5a00000, 0x0000000100000000)
  eden space 2560K, 0% used [0x00000000d5580000,0x00000000d5580000,0x00000000d5800000)
  from space 512K, 50% used [0x00000000d5900000,0x00000000d5940000,0x00000000d5980000)
  to   space 512K, 0% used [0x00000000d5980000,0x00000000d5980000,0x00000000d5a00000)
 ParOldGen       total 195584K, used 195510K [0x0000000080000000, 0x000000008bf00000, 0x00000000d5580000)
  object space 195584K, 99% used [0x0000000080000000,0x000000008beedbb0,0x000000008bf00000)
 Metaspace       used 69481K, committed 71168K, reserved 1114112K
  class space    used 7383K, committed 8128K, reserved 1048576K
}
Event: 101.296 GC heap before
{Heap before GC invocations=315 (full 3):
 PSYoungGen      total 3072K, used 2816K [0x00000000d5580000, 0x00000000d5a00000, 0x0000000100000000)
  eden space 2560K, 100% used [0x00000000d5580000,0x00000000d5800000,0x00000000d5800000)
  from space 512K, 50% used [0x00000000d5900000,0x00000000d5940000,0x00000000d5980000)
  to   space 512K, 0% used [0x00000000d5980000,0x00000000d5980000,0x00000000d5a00000)
 ParOldGen       total 195584K, used 195510K [0x0000000080000000, 0x000000008bf00000, 0x00000000d5580000)
  object space 195584K, 99% used [0x0000000080000000,0x000000008beedbb0,0x000000008bf00000)
 Metaspace       used 69481K, committed 71168K, reserved 1114112K
  class space    used 7383K, committed 8128K, reserved 1048576K
}
Event: 101.297 GC heap after
{Heap after GC invocations=315 (full 3):
 PSYoungGen      total 3072K, used 224K [0x00000000d5580000, 0x00000000d5a00000, 0x0000000100000000)
  eden space 2560K, 0% used [0x00000000d5580000,0x00000000d5580000,0x00000000d5800000)
  from space 512K, 43% used [0x00000000d5980000,0x00000000d59b8000,0x00000000d5a00000)
  to   space 512K, 0% used [0x00000000d5900000,0x00000000d5900000,0x00000000d5980000)
 ParOldGen       total 195584K, used 195582K [0x0000000080000000, 0x000000008bf00000, 0x00000000d5580000)
  object space 195584K, 99% used [0x0000000080000000,0x000000008beffbb0,0x000000008bf00000)
 Metaspace       used 69481K, committed 71168K, reserved 1114112K
  class space    used 7383K, committed 8128K, reserved 1048576K
}
Event: 101.300 GC heap before
{Heap before GC invocations=316 (full 3):
 PSYoungGen      total 3072K, used 2784K [0x00000000d5580000, 0x00000000d5a00000, 0x0000000100000000)
  eden space 2560K, 100% used [0x00000000d5580000,0x00000000d5800000,0x00000000d5800000)
  from space 512K, 43% used [0x00000000d5980000,0x00000000d59b8000,0x00000000d5a00000)
  to   space 512K, 0% used [0x00000000d5900000,0x00000000d5900000,0x00000000d5980000)
 ParOldGen       total 195584K, used 195582K [0x0000000080000000, 0x000000008bf00000, 0x00000000d5580000)
  object space 195584K, 99% used [0x0000000080000000,0x000000008beffbb0,0x000000008bf00000)
 Metaspace       used 69481K, committed 71168K, reserved 1114112K
  class space    used 7383K, committed 8128K, reserved 1048576K
}
Event: 101.301 GC heap after
{Heap after GC invocations=316 (full 3):
 PSYoungGen      total 3072K, used 288K [0x00000000d5580000, 0x00000000d5a00000, 0x0000000100000000)
  eden space 2560K, 0% used [0x00000000d5580000,0x00000000d5580000,0x00000000d5800000)
  from space 512K, 56% used [0x00000000d5900000,0x00000000d5948000,0x00000000d5980000)
  to   space 512K, 0% used [0x00000000d5980000,0x00000000d5980000,0x00000000d5a00000)
 ParOldGen       total 196096K, used 195662K [0x0000000080000000, 0x000000008bf80000, 0x00000000d5580000)
  object space 196096K, 99% used [0x0000000080000000,0x000000008bf13bb0,0x000000008bf80000)
 Metaspace       used 69481K, committed 71168K, reserved 1114112K
  class space    used 7383K, committed 8128K, reserved 1048576K
}

Dll operation events (10 events):
Event: 0.501 Loaded shared library c:\Users\harih\.vscode\extensions\redhat.java-1.55.0-win32-x64\jre\21.0.11-win32-x86_64\bin\java.dll
Event: 0.599 Loaded shared library c:\Users\harih\.vscode\extensions\redhat.java-1.55.0-win32-x64\jre\21.0.11-win32-x86_64\bin\zip.dll
Event: 0.632 Loaded shared library C:\Users\harih\.vscode\extensions\redhat.java-1.55.0-win32-x64\jre\21.0.11-win32-x86_64\bin\instrument.dll
Event: 0.912 Loaded shared library C:\Users\harih\.vscode\extensions\redhat.java-1.55.0-win32-x64\jre\21.0.11-win32-x86_64\bin\net.dll
Event: 1.085 Loaded shared library C:\Users\harih\.vscode\extensions\redhat.java-1.55.0-win32-x64\jre\21.0.11-win32-x86_64\bin\nio.dll
Event: 1.090 Loaded shared library C:\Users\harih\.vscode\extensions\redhat.java-1.55.0-win32-x64\jre\21.0.11-win32-x86_64\bin\zip.dll
Event: 1.119 Loaded shared library C:\Users\harih\.vscode\extensions\redhat.java-1.55.0-win32-x64\jre\21.0.11-win32-x86_64\bin\jimage.dll
Event: 1.374 Loaded shared library c:\Users\harih\.vscode\extensions\redhat.java-1.55.0-win32-x64\jre\21.0.11-win32-x86_64\bin\verify.dll
Event: 18.165 Loaded shared library C:\Users\harih\AppData\Roaming\Code\User\globalStorage\redhat.java\1.55.0\config_win\org.eclipse.equinox.launcher\org.eclipse.equinox.launcher.win32.win32.x86_64_1.3.100.v20260613-0559\eclipse_11924.dll
Event: 33.966 Loaded shared library C:\Users\harih\AppData\Local\Temp\jna-99048824\jna3996945838197264215.dll

Deoptimization events (20 events):
Event: 101.195 Thread 0x0000022a873aa950 DEOPT PACKING pc=0x0000022a2ddd4d67 sp=0x000000cea57fe190
Event: 101.195 Thread 0x0000022a873aa950 DEOPT UNPACKING pc=0x0000022a333e78e2 sp=0x000000cea57fd700 mode 0
Event: 101.230 Thread 0x0000022a873aa950 DEOPT PACKING pc=0x0000022a2ddd4d67 sp=0x000000cea57fe190
Event: 101.230 Thread 0x0000022a873aa950 DEOPT UNPACKING pc=0x0000022a333e78e2 sp=0x000000cea57fd700 mode 0
Event: 101.301 Thread 0x0000022a873aa950 Uncommon trap: trap_request=0xffffff45 fr.pc=0x0000022a34493460 relative=0x0000000000003920
Event: 101.301 Thread 0x0000022a873aa950 Uncommon trap: reason=unstable_if action=reinterpret pc=0x0000022a34493460 method=java.util.ArrayList.equalsRange(Ljava/util/List;II)Z @ 76 c2
Event: 101.301 Thread 0x0000022a873aa950 DEOPT PACKING pc=0x0000022a34493460 sp=0x000000cea57fe7b0
Event: 101.301 Thread 0x0000022a873aa950 DEOPT UNPACKING pc=0x0000022a333e6da2 sp=0x000000cea57fe618 mode 2
Event: 101.373 Thread 0x0000022a873aa950 Uncommon trap: trap_request=0xffffff45 fr.pc=0x0000022a34436ce4 relative=0x00000000000008e4
Event: 101.373 Thread 0x0000022a873aa950 Uncommon trap: reason=unstable_if action=reinterpret pc=0x0000022a34436ce4 method=org.eclipse.jdt.internal.core.util.WeakHashSet.addValue(Lorg/eclipse/jdt/internal/core/util/WeakHashSet$HashableWeakReference;)V @ 6 c2
Event: 101.373 Thread 0x0000022a873aa950 DEOPT PACKING pc=0x0000022a34436ce4 sp=0x000000cea57fe690
Event: 101.373 Thread 0x0000022a873aa950 DEOPT UNPACKING pc=0x0000022a333e6da2 sp=0x000000cea57fe5d0 mode 2
Event: 101.487 Thread 0x0000022a873aa950 Uncommon trap: trap_request=0xffffff45 fr.pc=0x0000022a3446cb1c relative=0x00000000000007bc
Event: 101.487 Thread 0x0000022a873aa950 Uncommon trap: reason=unstable_if action=reinterpret pc=0x0000022a3446cb1c method=java.util.ArrayList.equalsRange(Ljava/util/List;II)Z @ 76 c2
Event: 101.487 Thread 0x0000022a873aa950 DEOPT PACKING pc=0x0000022a3446cb1c sp=0x000000cea57fe6c0
Event: 101.487 Thread 0x0000022a873aa950 DEOPT UNPACKING pc=0x0000022a333e6da2 sp=0x000000cea57fe5f0 mode 2
Event: 102.567 Thread 0x0000022a873aa950 Uncommon trap: trap_request=0xffffff45 fr.pc=0x0000022a344233e4 relative=0x0000000000000684
Event: 102.567 Thread 0x0000022a873aa950 Uncommon trap: reason=unstable_if action=reinterpret pc=0x0000022a344233e4 method=java.util.ArrayList.equalsRange(Ljava/util/List;II)Z @ 76 c2
Event: 102.567 Thread 0x0000022a873aa950 DEOPT PACKING pc=0x0000022a344233e4 sp=0x000000cea57fe650
Event: 102.567 Thread 0x0000022a873aa950 DEOPT UNPACKING pc=0x0000022a333e6da2 sp=0x000000cea57fe5e0 mode 2

Classes loaded (20 events):
Event: 98.888 Loading class java/util/concurrent/CompletableFuture$Signaller
Event: 98.888 Loading class java/util/concurrent/CompletableFuture$Signaller done
Event: 98.987 Loading class java/nio/charset/CharacterCodingException
Event: 98.987 Loading class java/nio/charset/CharacterCodingException done
Event: 98.987 Loading class java/io/SequenceInputStream
Event: 98.988 Loading class java/io/SequenceInputStream done
Event: 99.044 Loading class java/util/concurrent/CompletableFuture$UniApply
Event: 99.044 Loading class java/util/concurrent/CompletableFuture$UniCompletion
Event: 99.044 Loading class java/util/concurrent/CompletableFuture$UniCompletion done
Event: 99.044 Loading class java/util/concurrent/CompletableFuture$UniApply done
Event: 99.044 Loading class java/util/concurrent/CompletableFuture$UniAccept
Event: 99.045 Loading class java/util/concurrent/CompletableFuture$UniAccept done
Event: 99.045 Loading class java/util/concurrent/CompletableFuture$UniExceptionally
Event: 99.045 Loading class java/util/concurrent/CompletableFuture$UniExceptionally done
Event: 99.072 Loading class javax/xml/transform/TransformerConfigurationException
Event: 99.072 Loading class javax/xml/transform/TransformerConfigurationException done
Event: 99.124 Loading class java/util/Hashtable$KeySet
Event: 99.129 Loading class java/util/Hashtable$KeySet done
Event: 100.175 Loading class java/lang/Runtime$VersionPattern
Event: 100.176 Loading class java/lang/Runtime$VersionPattern done

Classes unloaded (10 events):
Event: 35.719 Thread 0x0000022a28d04980 Unloading class 0x0000022a411a5000 'java/lang/invoke/LambdaForm$MH+0x0000022a411a5000'
Event: 35.719 Thread 0x0000022a28d04980 Unloading class 0x0000022a411a4c00 'java/lang/invoke/LambdaForm$MH+0x0000022a411a4c00'
Event: 35.719 Thread 0x0000022a28d04980 Unloading class 0x0000022a411a4800 'java/lang/invoke/LambdaForm$MH+0x0000022a411a4800'
Event: 35.719 Thread 0x0000022a28d04980 Unloading class 0x0000022a411a4400 'java/lang/invoke/LambdaForm$MH+0x0000022a411a4400'
Event: 35.719 Thread 0x0000022a28d04980 Unloading class 0x0000022a411a4000 'java/lang/invoke/LambdaForm$BMH+0x0000022a411a4000'
Event: 35.719 Thread 0x0000022a28d04980 Unloading class 0x0000022a411a3c00 'java/lang/invoke/LambdaForm$DMH+0x0000022a411a3c00'
Event: 35.719 Thread 0x0000022a28d04980 Unloading class 0x0000022a411a2800 'java/lang/invoke/LambdaForm$DMH+0x0000022a411a2800'
Event: 65.587 Thread 0x0000022a28d04980 Unloading class 0x0000022a41690c00 'java/lang/invoke/LambdaForm$DMH+0x0000022a41690c00'
Event: 65.588 Thread 0x0000022a28d04980 Unloading class 0x0000022a41690400 'java/lang/invoke/LambdaForm$DMH+0x0000022a41690400'
Event: 65.588 Thread 0x0000022a28d04980 Unloading class 0x0000022a41690800 'java/lang/invoke/LambdaForm$DMH+0x0000022a41690800'

Classes redefined (0 events):
No events

Internal exceptions (20 events):
Event: 100.143 Thread 0x0000022a881cfe80 Exception <a 'sun/nio/fs/WindowsException'{0x00000000d5753130}> (0x00000000d5753130) 
thrown [s\src\hotspot\share\prims\jni.cpp, line 520]
Event: 100.143 Thread 0x0000022a881cfe80 Exception <a 'sun/nio/fs/WindowsException'{0x00000000d5791780}> (0x00000000d5791780) 
thrown [s\src\hotspot\share\prims\jni.cpp, line 520]
Event: 100.143 Thread 0x0000022a881cfe80 Exception <a 'sun/nio/fs/WindowsException'{0x00000000d57977c0}> (0x00000000d57977c0) 
thrown [s\src\hotspot\share\prims\jni.cpp, line 520]
Event: 100.162 Thread 0x0000022a873aafe0 Exception <a 'java/lang/NullPointerException'{0x00000000d570d930}> (0x00000000d570d930) 
thrown [s\src\hotspot\share\interpreter\linkResolver.cpp, line 1372]
Event: 100.162 Thread 0x0000022a873aafe0 Exception <a 'java/lang/NullPointerException'{0x00000000d5752f90}> (0x00000000d5752f90) 
thrown [s\src\hotspot\share\interpreter\linkResolver.cpp, line 1372]
Event: 100.176 Thread 0x0000022a881cfe80 Exception <a 'sun/nio/fs/WindowsException'{0x00000000d565d488}> (0x00000000d565d488) 
thrown [s\src\hotspot\share\prims\jni.cpp, line 520]
Event: 100.176 Thread 0x0000022a881cfe80 Exception <a 'sun/nio/fs/WindowsException'{0x00000000d5679948}> (0x00000000d5679948) 
thrown [s\src\hotspot\share\prims\jni.cpp, line 520]
Event: 100.177 Thread 0x0000022a873aafe0 Exception <a 'java/lang/NullPointerException'{0x00000000d569e1b8}> (0x00000000d569e1b8) 
thrown [s\src\hotspot\share\interpreter\linkResolver.cpp, line 1372]
Event: 100.194 Thread 0x0000022a873aafe0 Exception <a 'java/lang/NullPointerException'{0x00000000d57717f0}> (0x00000000d57717f0) 
thrown [s\src\hotspot\share\interpreter\linkResolver.cpp, line 1372]
Event: 100.194 Thread 0x0000022a873aafe0 Exception <a 'java/lang/NullPointerException'{0x00000000d5771d30}> (0x00000000d5771d30) 
thrown [s\src\hotspot\share\interpreter\linkResolver.cpp, line 1372]
Event: 100.194 Thread 0x0000022a873aafe0 Exception <a 'java/lang/NullPointerException'{0x00000000d5773770}> (0x00000000d5773770) 
thrown [s\src\hotspot\share\interpreter\linkResolver.cpp, line 1372]
Event: 100.226 Thread 0x0000022a881cfe80 Exception <a 'sun/nio/fs/WindowsException'{0x00000000d56a9f38}> (0x00000000d56a9f38) 
thrown [s\src\hotspot\share\prims\jni.cpp, line 520]
Event: 100.226 Thread 0x0000022a881cfe80 Exception <a 'sun/nio/fs/WindowsException'{0x00000000d56c09f0}> (0x00000000d56c09f0) 
thrown [s\src\hotspot\share\prims\jni.cpp, line 520]
Event: 100.227 Thread 0x0000022a881cfe80 Exception <a 'sun/nio/fs/WindowsException'{0x00000000d56c1720}> (0x00000000d56c1720) 
thrown [s\src\hotspot\share\prims\jni.cpp, line 520]
Event: 100.227 Thread 0x0000022a881cfe80 Exception <a 'sun/nio/fs/WindowsException'{0x00000000d56f7880}> (0x00000000d56f7880) 
thrown [s\src\hotspot\share\prims\jni.cpp, line 520]
Event: 100.228 Thread 0x0000022a881cfe80 Exception <a 'sun/nio/fs/WindowsException'{0x00000000d5739388}> (0x00000000d5739388) 
thrown [s\src\hotspot\share\prims\jni.cpp, line 520]
Event: 100.228 Thread 0x0000022a881cfe80 Exception <a 'sun/nio/fs/WindowsException'{0x00000000d5779ed8}> (0x00000000d5779ed8) 
thrown [s\src\hotspot\share\prims\jni.cpp, line 520]
Event: 101.175 Thread 0x0000022a881cfe80 Exception <a 'sun/nio/fs/WindowsException'{0x00000000d55c2e20}> (0x00000000d55c2e20) 
thrown [s\src\hotspot\share\prims\jni.cpp, line 520]
Event: 101.175 Thread 0x0000022a881cfe80 Exception <a 'sun/nio/fs/WindowsException'{0x00000000d56b6d38}> (0x00000000d56b6d38) 
thrown [s\src\hotspot\share\prims\jni.cpp, line 520]
Event: 101.373 Thread 0x0000022a873aa950 Implicit null exception at 0x0000022a34436701 to 0x0000022a34436cbc

ZGC Phase Switch (0 events):
No events

VM Operations (20 events):
Event: 101.270 Executing safepoint VM operation: ParallelGCFailedAllocation (Allocation Failure)
Event: 101.271 Executing safepoint VM operation: ParallelGCFailedAllocation (Allocation Failure) done
Event: 101.275 Executing safepoint VM operation: ParallelGCFailedAllocation (Allocation Failure)
Event: 101.276 Executing safepoint VM operation: ParallelGCFailedAllocation (Allocation Failure) done
Event: 101.279 Executing safepoint VM operation: ParallelGCFailedAllocation (Allocation Failure)
Event: 101.280 Executing safepoint VM operation: ParallelGCFailedAllocation (Allocation Failure) done
Event: 101.283 Executing safepoint VM operation: ParallelGCFailedAllocation (Allocation Failure)
Event: 101.283 Executing safepoint VM operation: ParallelGCFailedAllocation (Allocation Failure) done
Event: 101.286 Executing safepoint VM operation: ParallelGCFailedAllocation (Allocation Failure)
Event: 101.287 Executing safepoint VM operation: ParallelGCFailedAllocation (Allocation Failure) done
Event: 101.289 Executing safepoint VM operation: ParallelGCFailedAllocation (Allocation Failure)
Event: 101.290 Executing safepoint VM operation: ParallelGCFailedAllocation (Allocation Failure) done
Event: 101.293 Executing safepoint VM operation: ParallelGCFailedAllocation (Allocation Failure)
Event: 101.294 Executing safepoint VM operation: ParallelGCFailedAllocation (Allocation Failure) done
Event: 101.296 Executing safepoint VM operation: ParallelGCFailedAllocation (Allocation Failure)
Event: 101.297 Executing safepoint VM operation: ParallelGCFailedAllocation (Allocation Failure) done
Event: 101.300 Executing safepoint VM operation: ParallelGCFailedAllocation (Allocation Failure)
Event: 101.301 Executing safepoint VM operation: ParallelGCFailedAllocation (Allocation Failure) done
Event: 102.315 Executing safepoint VM operation: Cleanup
Event: 102.315 Executing safepoint VM operation: Cleanup done

Memory protections (0 events):
No events

Nmethod flushes (20 events):
Event: 65.728 Thread 0x0000022a28d04980 flushing  nmethod 0x0000022a2c9ceb10
Event: 65.728 Thread 0x0000022a28d04980 flushing  nmethod 0x0000022a2c9d0d90
Event: 65.728 Thread 0x0000022a28d04980 flushing  nmethod 0x0000022a2c9d1510
Event: 65.728 Thread 0x0000022a28d04980 flushing  nmethod 0x0000022a2c9d3a90
Event: 65.728 Thread 0x0000022a28d04980 flushing  nmethod 0x0000022a2c9eb010
Event: 65.728 Thread 0x0000022a28d04980 flushing  nmethod 0x0000022a2c9f0f90
Event: 65.728 Thread 0x0000022a28d04980 flushing  nmethod 0x0000022a2c9f1410
Event: 65.728 Thread 0x0000022a28d04980 flushing  nmethod 0x0000022a2c9f1c10
Event: 65.728 Thread 0x0000022a28d04980 flushing  nmethod 0x0000022a2c9f2210
Event: 65.728 Thread 0x0000022a28d04980 flushing  nmethod 0x0000022a2c9f2a90
Event: 65.728 Thread 0x0000022a28d04980 flushing osr nmethod 0x0000022a2c9fce10
Event: 65.728 Thread 0x0000022a28d04980 flushing  nmethod 0x0000022a2c9fe210
Event: 65.728 Thread 0x0000022a28d04980 flushing  nmethod 0x0000022a2ca04b90
Event: 65.728 Thread 0x0000022a28d04980 flushing  nmethod 0x0000022a2ca06310
Event: 65.728 Thread 0x0000022a28d04980 flushing  nmethod 0x0000022a2ca21e10
Event: 65.729 Thread 0x0000022a28d04980 flushing  nmethod 0x0000022a2ca25f10
Event: 65.729 Thread 0x0000022a28d04980 flushing  nmethod 0x0000022a2ca2a390
Event: 65.729 Thread 0x0000022a28d04980 flushing  nmethod 0x0000022a2ca6d190
Event: 65.729 Thread 0x0000022a28d04980 flushing  nmethod 0x0000022a2ca70990
Event: 65.729 Thread 0x0000022a28d04980 flushing  nmethod 0x0000022a2ca85c90

Events (20 events):
Event: 100.158 Thread 0x0000022a881cfe80 Thread added: 0x0000022a875b6930
Event: 100.162 Thread 0x0000022a881cfe80 Thread added: 0x0000022a875b3b40
Event: 100.162 Thread 0x0000022a881cfe80 Thread added: 0x0000022a875b4860
Event: 100.162 Thread 0x0000022a881cfe80 Thread added: 0x0000022a875b4ef0
Event: 100.162 Thread 0x0000022a881cfe80 Thread added: 0x0000022a875b41d0
Event: 100.171 Thread 0x0000022a875b4860 Thread exited: 0x0000022a875b4860
Event: 100.171 Thread 0x0000022a875b4ef0 Thread exited: 0x0000022a875b4ef0
Event: 100.171 Thread 0x0000022a875b6930 Thread exited: 0x0000022a875b6930
Event: 100.171 Thread 0x0000022a875b41d0 Thread exited: 0x0000022a875b41d0
Event: 100.171 Thread 0x0000022a875b3b40 Thread exited: 0x0000022a875b3b40
Event: 100.238 Thread 0x0000022a881cfe80 Thread added: 0x0000022a875b4860
Event: 100.240 Thread 0x0000022a881cfe80 Thread added: 0x0000022a875b5c10
Event: 100.240 Thread 0x0000022a881cfe80 Thread added: 0x0000022a875b41d0
Event: 100.240 Thread 0x0000022a881cfe80 Thread added: 0x0000022a875b62a0
Event: 100.354 Thread 0x0000022a881cfe80 Thread added: 0x0000022a875b3b40
Event: 101.164 Thread 0x0000022a875b41d0 Thread exited: 0x0000022a875b41d0
Event: 101.164 Thread 0x0000022a875b4860 Thread exited: 0x0000022a875b4860
Event: 101.164 Thread 0x0000022a875b62a0 Thread exited: 0x0000022a875b62a0
Event: 101.164 Thread 0x0000022a875b3b40 Thread exited: 0x0000022a875b3b40
Event: 101.164 Thread 0x0000022a875b5c10 Thread exited: 0x0000022a875b5c10


Dynamic libraries:
0x00007ff643810000 - 0x00007ff64381e000 	c:\Users\harih\.vscode\extensions\redhat.java-1.55.0-win32-x64\jre\21.0.11-win32-x86_64\bin\java.exe
0x00007ffc11ca0000 - 0x00007ffc11f06000 	C:\WINDOWS\SYSTEM32\ntdll.dll
0x00007ffc10250000 - 0x00007ffc10319000 	C:\WINDOWS\System32\KERNEL32.DLL
0x00007ffc0f100000 - 0x00007ffc0f500000 	C:\WINDOWS\System32\KERNELBASE.dll
0x00007ffc0efa0000 - 0x00007ffc0f0ec000 	C:\WINDOWS\System32\ucrtbase.dll
0x00007ffbc8960000 - 0x00007ffbc897e000 	c:\Users\harih\.vscode\extensions\redhat.java-1.55.0-win32-x64\jre\21.0.11-win32-x86_64\bin\VCRUNTIME140.dll
0x00007ffbd2b00000 - 0x00007ffbd2b18000 	c:\Users\harih\.vscode\extensions\redhat.java-1.55.0-win32-x64\jre\21.0.11-win32-x86_64\bin\jli.dll
0x00007ffc0feb0000 - 0x00007ffc10077000 	C:\WINDOWS\System32\USER32.dll
0x00007ffbf7890000 - 0x00007ffbf7b22000 	C:\WINDOWS\WinSxS\amd64_microsoft.windows.common-controls_6595b64144ccf1df_6.0.26100.8737_none_3e092eaee333b772\COMCTL32.dll
0x00007ffc0ef70000 - 0x00007ffc0ef97000 	C:\WINDOWS\System32\win32u.dll
0x00007ffc0f9d0000 - 0x00007ffc0fa79000 	C:\WINDOWS\System32\msvcrt.dll
0x00007ffc11ac0000 - 0x00007ffc11aeb000 	C:\WINDOWS\System32\GDI32.dll
0x00007ffc0f690000 - 0x00007ffc0f7b9000 	C:\WINDOWS\System32\gdi32full.dll
0x00007ffc0eec0000 - 0x00007ffc0ef63000 	C:\WINDOWS\System32\msvcp_win.dll
0x00007ffc10bf0000 - 0x00007ffc10c22000 	C:\WINDOWS\System32\IMM32.DLL
0x00007ffbc8950000 - 0x00007ffbc895c000 	c:\Users\harih\.vscode\extensions\redhat.java-1.55.0-win32-x64\jre\21.0.11-win32-x86_64\bin\vcruntime140_1.dll
0x00007ffb48690000 - 0x00007ffb4871d000 	c:\Users\harih\.vscode\extensions\redhat.java-1.55.0-win32-x64\jre\21.0.11-win32-x86_64\bin\msvcp140.dll
0x00007ffb456c0000 - 0x00007ffb46462000 	c:\Users\harih\.vscode\extensions\redhat.java-1.55.0-win32-x64\jre\21.0.11-win32-x86_64\bin\server\jvm.dll
0x00007ffc0fd80000 - 0x00007ffc0fe37000 	C:\WINDOWS\System32\ADVAPI32.dll
0x00007ffc10320000 - 0x00007ffc103ca000 	C:\WINDOWS\System32\sechost.dll
0x00007ffc10d00000 - 0x00007ffc10e18000 	C:\WINDOWS\System32\RPCRT4.dll
0x00007ffc10080000 - 0x00007ffc10100000 	C:\WINDOWS\System32\WS2_32.dll
0x00007ffc0ed20000 - 0x00007ffc0ed7e000 	C:\WINDOWS\SYSTEM32\POWRPROF.dll
0x00007ffc033d0000 - 0x00007ffc033db000 	C:\WINDOWS\SYSTEM32\VERSION.dll
0x00007ffc03f10000 - 0x00007ffc03f46000 	C:\WINDOWS\SYSTEM32\WINMM.dll
0x00007ffc0ed00000 - 0x00007ffc0ed14000 	C:\WINDOWS\SYSTEM32\UMPDC.dll
0x00007ffc0dba0000 - 0x00007ffc0dbbb000 	C:\WINDOWS\SYSTEM32\kernel.appcore.dll
0x00007ffbc8940000 - 0x00007ffbc894a000 	c:\Users\harih\.vscode\extensions\redhat.java-1.55.0-win32-x64\jre\21.0.11-win32-x86_64\bin\jimage.dll
0x00007ffc0c5e0000 - 0x00007ffc0c822000 	C:\WINDOWS\SYSTEM32\DBGHELP.DLL
0x00007ffc10860000 - 0x00007ffc10be3000 	C:\WINDOWS\System32\combase.dll
0x00007ffc10f20000 - 0x00007ffc10ff9000 	C:\WINDOWS\System32\OLEAUT32.dll
0x00007ffbef690000 - 0x00007ffbef6cb000 	C:\WINDOWS\SYSTEM32\dbgcore.DLL
0x00007ffc0f910000 - 0x00007ffc0f9bc000 	C:\WINDOWS\System32\bcryptPrimitives.dll
0x00007ffc06ea0000 - 0x00007ffc06eaf000 	c:\Users\harih\.vscode\extensions\redhat.java-1.55.0-win32-x64\jre\21.0.11-win32-x86_64\bin\instrument.dll
0x00007ffbc90c0000 - 0x00007ffbc90e0000 	c:\Users\harih\.vscode\extensions\redhat.java-1.55.0-win32-x64\jre\21.0.11-win32-x86_64\bin\java.dll
0x00007ffc11320000 - 0x00007ffc11ab2000 	C:\WINDOWS\System32\SHELL32.dll
0x00007ffc0c940000 - 0x00007ffc0d1d2000 	C:\WINDOWS\SYSTEM32\windows.storage.dll
0x00007ffc0fc70000 - 0x00007ffc0fd67000 	C:\WINDOWS\System32\SHCORE.dll
0x00007ffc0fe40000 - 0x00007ffc0fea7000 	C:\WINDOWS\System32\shlwapi.dll
0x00007ffc0ede0000 - 0x00007ffc0ee09000 	C:\WINDOWS\SYSTEM32\profapi.dll
0x00007ffb77100000 - 0x00007ffb77118000 	c:\Users\harih\.vscode\extensions\redhat.java-1.55.0-win32-x64\jre\21.0.11-win32-x86_64\bin\zip.dll
0x00007ffbfd1c0000 - 0x00007ffbfd1d0000 	C:\Users\harih\.vscode\extensions\redhat.java-1.55.0-win32-x64\jre\21.0.11-win32-x86_64\bin\net.dll
0x00007ffbfe830000 - 0x00007ffbfe959000 	C:\WINDOWS\SYSTEM32\WINHTTP.dll
0x00007ffc0e150000 - 0x00007ffc0e1bc000 	C:\WINDOWS\system32\mswsock.dll
0x00007ffbef110000 - 0x00007ffbef126000 	C:\Users\harih\.vscode\extensions\redhat.java-1.55.0-win32-x64\jre\21.0.11-win32-x86_64\bin\nio.dll
0x00007ffbfa6a0000 - 0x00007ffbfa6b0000 	c:\Users\harih\.vscode\extensions\redhat.java-1.55.0-win32-x64\jre\21.0.11-win32-x86_64\bin\verify.dll
0x00007ffbef0c0000 - 0x00007ffbef105000 	C:\Users\harih\AppData\Roaming\Code\User\globalStorage\redhat.java\1.55.0\config_win\org.eclipse.equinox.launcher\org.eclipse.equinox.launcher.win32.win32.x86_64_1.3.100.v20260613-0559\eclipse_11924.dll
0x00007ffc11000000 - 0x00007ffc11199000 	C:\WINDOWS\System32\ole32.dll
0x00007ffc0e470000 - 0x00007ffc0e48b000 	C:\WINDOWS\SYSTEM32\CRYPTSP.dll
0x00007ffc0db00000 - 0x00007ffc0db39000 	C:\WINDOWS\system32\rsaenh.dll
0x00007ffc0e210000 - 0x00007ffc0e242000 	C:\WINDOWS\SYSTEM32\USERENV.dll
0x00007ffc0edb0000 - 0x00007ffc0edda000 	C:\WINDOWS\SYSTEM32\bcrypt.dll
0x00007ffc0e450000 - 0x00007ffc0e45c000 	C:\WINDOWS\SYSTEM32\CRYPTBASE.dll
0x00007ffc0d580000 - 0x00007ffc0d5b3000 	C:\WINDOWS\SYSTEM32\IPHLPAPI.DLL
0x00007ffc10cf0000 - 0x00007ffc10cfa000 	C:\WINDOWS\System32\NSI.dll
0x00007ffbef070000 - 0x00007ffbef0b9000 	C:\Users\harih\AppData\Local\Temp\jna-99048824\jna3996945838197264215.dll
0x00007ffc0fc60000 - 0x00007ffc0fc68000 	C:\WINDOWS\System32\PSAPI.DLL
0x00007ffc05890000 - 0x00007ffc058ad000 	C:\WINDOWS\SYSTEM32\dhcpcsvc6.DLL
0x00007ffc05860000 - 0x00007ffc05885000 	C:\WINDOWS\SYSTEM32\dhcpcsvc.DLL

JVMTI agents:
c:\Users\harih\.vscode\extensions\redhat.java-1.55.0-win32-x64\lombok\lombok-1.18.39-4050.jar path:c:\Users\harih\.vscode\extensions\redhat.java-1.55.0-win32-x64\jre\21.0.11-win32-x86_64\bin\instrument.dll, loaded, initialized, instrumentlib options:none

dbghelp: loaded successfully - version: 4.0.5 - missing functions: none
symbol engine: initialized successfully - sym options: 0x614 - pdb path: .;c:\Users\harih\.vscode\extensions\redhat.java-1.55.0-win32-x64\jre\21.0.11-win32-x86_64\bin;C:\WINDOWS\SYSTEM32;C:\WINDOWS\WinSxS\amd64_microsoft.windows.common-controls_6595b64144ccf1df_6.0.26100.8737_none_3e092eaee333b772;c:\Users\harih\.vscode\extensions\redhat.java-1.55.0-win32-x64\jre\21.0.11-win32-x86_64\bin\server;C:\Users\harih\AppData\Roaming\Code\User\globalStorage\redhat.java\1.55.0\config_win\org.eclipse.equinox.launcher\org.eclipse.equinox.launcher.win32.win32.x86_64_1.3.100.v20260613-0559;C:\Users\harih\AppData\Local\Temp\jna-99048824

VM Arguments:
jvm_args: --add-modules=ALL-SYSTEM --add-opens=java.base/java.util=ALL-UNNAMED --add-opens=java.base/java.lang=ALL-UNNAMED --add-opens=java.base/sun.nio.fs=ALL-UNNAMED -Declipse.application=org.eclipse.jdt.ls.core.id1 -Dosgi.bundles.defaultStartLevel=4 -Declipse.product=org.eclipse.jdt.ls.core.product -Djava.import.generatesMetadataFilesAtProjectRoot=false -DDetectVMInstallationsJob.disabled=true -Dfile.encoding=utf8 -XX:+UseParallelGC -XX:GCTimeRatio=4 -XX:AdaptiveSizePolicyWeight=90 -Dsun.zip.disableMemoryMapping=true -Xmx2G -Xms100m -Xlog:disable -javaagent:c:\Users\harih\.vscode\extensions\redhat.java-1.55.0-win32-x64\lombok\lombok-1.18.39-4050.jar -XX:+HeapDumpOnOutOfMemoryError -XX:HeapDumpPath=c:\Users\harih\AppData\Roaming\Code\User\workspaceStorage\e34770d203d12c85380cd6f5acdbab8e\redhat.java -Daether.dependencyCollector.impl=bf 
java_command: c:\Users\harih\.vscode\extensions\redhat.java-1.55.0-win32-x64\server\plugins\org.eclipse.equinox.launcher_1.7.200.v20260619-2039.jar -configuration c:\Users\harih\AppData\Roaming\Code\User\globalStorage\redhat.java\1.55.0\config_win -data c:\Users\harih\AppData\Roaming\Code\User\workspaceStorage\e34770d203d12c85380cd6f5acdbab8e\redhat.java\jdt_ws --pipe=\\.\pipe\lsp-8fd00c0fc4d2e5ca1406517f5221c533-sock
java_class_path (initial): c:\Users\harih\.vscode\extensions\redhat.java-1.55.0-win32-x64\server\plugins\org.eclipse.equinox.launcher_1.7.200.v20260619-2039.jar
Launcher Type: SUN_STANDARD

[Global flags]
    uintx AdaptiveSizePolicyWeight                 = 90                                        {product} {command line}
     intx CICompilerCount                          = 4                                         {product} {ergonomic}
    uintx GCTimeRatio                              = 4                                         {product} {command line}
     bool HeapDumpOnOutOfMemoryError               = true                                   {manageable} {command line}
    ccstr HeapDumpPath                             = c:\Users\harih\AppData\Roaming\Code\User\workspaceStorage\e34770d203d12c85380cd6f5acdbab8e\redhat.java         {manageable} {command line}
   size_t InitialHeapSize                          = 104857600                                 {product} {command line}
   size_t MaxHeapSize                              = 2147483648                                {product} {command line}
   size_t MaxNewSize                               = 715653120                                 {product} {ergonomic}
   size_t MinHeapDeltaBytes                        = 524288                                    {product} {ergonomic}
   size_t MinHeapSize                              = 104857600                                 {product} {command line}
   size_t NewSize                                  = 34603008                                  {product} {ergonomic}
    uintx NonNMethodCodeHeapSize                   = 5839372                                {pd product} {ergonomic}
    uintx NonProfiledCodeHeapSize                  = 122909434                              {pd product} {ergonomic}
   size_t OldSize                                  = 70254592                                  {product} {ergonomic}
    uintx ProfiledCodeHeapSize                     = 122909434                              {pd product} {ergonomic}
    uintx ReservedCodeCacheSize                    = 251658240                              {pd product} {ergonomic}
     bool SegmentedCodeCache                       = true                                      {product} {ergonomic}
   size_t SoftMaxHeapSize                          = 2147483648                             {manageable} {ergonomic}
     bool UseCompressedOops                        = true                           {product lp64_product} {ergonomic}
     bool UseLargePagesIndividualAllocation        = false                                  {pd product} {ergonomic}
     bool UseParallelGC                            = true                                      {product} {command line}

Logging:
Log output configuration:
 #0: stdout all=off uptime,level,tags foldmultilines=false
 #1: stderr all=off uptime,level,tags foldmultilines=false

Release file:
JAVA_VERSION="21.0.11" 
MODULES="java.base java.compiler java.datatransfer java.xml java.prefs java.desktop java.instrument java.logging java.management java.security.sasl java.naming java.rmi java.management.rmi java.net.http java.scripting java.security.jgss java.transaction.xa java.sql java.sql.rowset java.xml.crypto java.se java.smartcardio jdk.accessibility jdk.internal.jvmstat jdk.attach jdk.charsets jdk.internal.opt jdk.zipfs jdk.compiler jdk.crypto.ec jdk.crypto.cryptoki jdk.crypto.mscapi jdk.dynalink jdk.internal.ed jdk.editpad jdk.hotspot.agent jdk.httpserver jdk.internal.le jdk.internal.vm.ci jdk.internal.vm.compiler jdk.internal.vm.compiler.management jdk.jartool jdk.javadoc jdk.jcmd jdk.management jdk.management.agent jdk.jconsole jdk.jdeps jdk.jdwp.agent jdk.jdi jdk.jfr jdk.jshell jdk.jsobject jdk.jstatd jdk.localedata jdk.management.jfr jdk.naming.dns jdk.naming.rmi jdk.net jdk.nio.mapmode jdk.random jdk.sctp jdk.security.auth jdk.security.jgss jdk.unsupported jdk.unsupported.desktop jdk.xml.dom" 

Environment Variables:
PATH=C:\app\harih\product\21c\dbhomeXE\bin;C:\Program Files\Common Files\Oracle\Java\javapath;C:\Windows\system32;C:\Windows;C:\Windows\System32\Wbem;C:\Windows\System32\WindowsPowerShell\v1.0\;C:\Windows\System32\OpenSSH\;C:\Program Files (x86)\NVIDIA Corporation\PhysX\Common;C:\ProgramData\chocolatey\bin;C:\xampp\php;C:\Program Files\MongoDB\Server\7.0\bin;C:\mongosh-2.1.1-win32-x64 (1).zip\mongosh-2.1.1-win32-x64;C:\Program Files\MongoDB\mongosh-2.1.1-win32-x64\bin;C:\Program Files\Java\jdk-21\bin;C:\Program Files\dotnet\;C:\src\flutter\bin;C:\Program Files\Git\cmd;C:\Program Files\Git\mingw64\bin;C:\Program Files\Git\usr\bin;C:\Program Files\Git LFS;C:\Program Files\MongoDB\Server\8.0\bin\InstallCompass.ps1;C:\Program Files\NVIDIA Corporation\NVIDIA app\NvDLISR;C:\Program Files (x86)\Microsoft SQL Server\160\Tools\Binn\;C:\Program Files\Microsoft SQL Server\160\Tools\Binn\;C:\Program Files\Microsoft SQL Server\Client SDK\ODBC\170\Tools\Binn\;C:\Program Files\Microsoft SQL Server\160\DTS\Binn\;C:\WINDOWS\system32;C:\WINDOWS;C:\WINDOWS\System32\Wbem;C:\WINDOWS\System32\WindowsPowerShell\v1.0\;C:\WINDOWS\System32\OpenSSH\;C:\Program Files\Docker\Docker\resources\bin;C:\MinGW\bin;C:\Program Files\Cloudflare\Cloudflare WARP\;C:\Program Files\nodejs\;C:\Users\harih\.local\bin;C:\Users\harih\AppData\Local\Microsoft\WindowsApps;C:\Users\harih\OneDrive\Desktop\flutter_windows_3.19.3-stable\flutter\bin;C:\flutter\bin;C:\src\flutter\bin;C:\Users\harih\AppData\Local\Programs\Microsoft VS Code\bin;C:\msys64\ucrt64\bin;C:\Users\harih\AppData\Local\Programs\Zed\bin;C:\Users\harih\AppData\Local\Programs\Antigravity\bin;C:\Users\harih\AppData\Roaming\npm;C:\Users\harih\AppData\Local\Programs\cursor\resources\app\bin;C:\Users\harih\AppData\Local\Programs\Antigravity IDE\bin
USERNAME=harih
OS=Windows_NT
PROCESSOR_IDENTIFIER=Intel64 Family 6 Model 141 Stepping 1, GenuineIntel
TMP=C:\Users\harih\AppData\Local\Temp
TEMP=C:\Users\harih\AppData\Local\Temp




Periodic native trim disabled

---------------  S Y S T E M  ---------------

OS:
 Windows 11 , 64 bit Build 26100 (10.0.26100.8737)
OS uptime: 0 days 5:39 hours
Hyper-V role detected

CPU: total 12 (initial active 12) (6 cores per cpu, 2 threads per core) family 6 model 141 stepping 1 microcode 0x34, cx8, cmov, fxsr, ht, mmx, 3dnowpref, sse, sse2, sse3, ssse3, sse4.1, sse4.2, popcnt, lzcnt, tsc, tscinvbit, avx, avx2, aes, erms, clmul, bmi1, bmi2, adx, avx512f, avx512dq, avx512cd, avx512bw, avx512vl, sha, fma, vzeroupper, avx512_vpopcntdq, avx512_vpclmulqdq, avx512_vaes, avx512_vnni, clflush, clflushopt, clwb, avx512_vbmi2, avx512_vbmi, hv, rdtscp, rdpid, fsrm, gfni, avx512_bitalg, f16c, cet_ibt, cet_ss, avx512_ifma
Processor Information for the first 12 processors :
  Max Mhz: 2688, Current Mhz: 2688, Mhz Limit: 2688

Memory: 4k page, system-wide physical 7930M (402M free)
TotalPageFile size 32506M (AvailPageFile size 20M)
current process WorkingSet (physical memory assigned to process): 282M, peak: 324M
current process commit charge ("private bytes"): 517M, peak: 517M

vm_info: OpenJDK 64-Bit Server VM (21.0.11+10-LTS) for windows-amd64 JRE (21.0.11+10-LTS), built on 2026-04-21T00:00:00Z by "admin" with MS VC++ 17.12 (VS2022)

END.
