#
# There is insufficient memory for the Java Runtime Environment to continue.
# Native memory allocation (malloc) failed to allocate 1048576 bytes. Error detail: AllocateHeap
# Possible reasons:
#   The system is out of physical RAM or swap space
#   This process is running with CompressedOops enabled, and the Java Heap may be blocking the growth of the native heap
# Possible solutions:
#   Reduce memory load on the system
#   Increase physical memory or swap space
#   Check if swap backing store is full
#   Decrease Java heap size (-Xmx/-Xms)
#   Decrease number of Java threads
#   Decrease Java thread stack sizes (-Xss)
#   Set larger code cache with -XX:ReservedCodeCacheSize=
#   JVM is running with Unscaled Compressed Oops mode in which the Java heap is
#     placed in the first 4GB address space. The Java Heap base address is the
#     maximum limit for the native heap growth. Please use -XX:HeapBaseMinAddress
#     to set the Java Heap base and to place the Java Heap above 4GB virtual address.
# This output file may be truncated or incomplete.
#
#  Out of Memory Error (allocation.cpp:44), pid=27692, tid=5564
#
# JRE version: OpenJDK Runtime Environment Temurin-21.0.11+10 (21.0.11+10) (build 21.0.11+10-LTS)
# Java VM: OpenJDK 64-Bit Server VM Temurin-21.0.11+10 (21.0.11+10-LTS, mixed mode, sharing, tiered, compressed oops, compressed class ptrs, parallel gc, windows-amd64)
# No core dump will be written. Minidumps are not enabled by default on client versions of Windows
#

---------------  S U M M A R Y ------------

Command Line: --add-modules=ALL-SYSTEM --add-opens=java.base/java.util=ALL-UNNAMED --add-opens=java.base/java.lang=ALL-UNNAMED --add-opens=java.base/sun.nio.fs=ALL-UNNAMED -Declipse.application=org.eclipse.jdt.ls.core.id1 -Dosgi.bundles.defaultStartLevel=4 -Declipse.product=org.eclipse.jdt.ls.core.product -Djava.import.generatesMetadataFilesAtProjectRoot=false -DDetectVMInstallationsJob.disabled=true -Dfile.encoding=utf8 -XX:+UseParallelGC -XX:GCTimeRatio=4 -XX:AdaptiveSizePolicyWeight=90 -Dsun.zip.disableMemoryMapping=true -Xmx2G -Xms100m -Xlog:disable -javaagent:c:\Users\harih\.vscode\extensions\redhat.java-1.55.0-win32-x64\lombok\lombok-1.18.39-4050.jar -XX:+HeapDumpOnOutOfMemoryError -XX:HeapDumpPath=c:\Users\harih\AppData\Roaming\Code\User\workspaceStorage\e34770d203d12c85380cd6f5acdbab8e\redhat.java -Daether.dependencyCollector.impl=bf c:\Users\harih\.vscode\extensions\redhat.java-1.55.0-win32-x64\server\plugins\org.eclipse.equinox.launcher_1.7.200.v20260619-2039.jar -configuration c:\Users\harih\AppData\Roaming\Code\User\globalStorage\redhat.java\1.55.0\config_win -data c:\Users\harih\AppData\Roaming\Code\User\workspaceStorage\e34770d203d12c85380cd6f5acdbab8e\redhat.java\jdt_ws --pipe=\\.\pipe\lsp-afb143e66d443c9c5cc58c8d10f7ddd9-sock

Host: 11th Gen Intel(R) Core(TM) i5-11400H @ 2.70GHz, 12 cores, 7G,  Windows 11 , 64 bit Build 26100 (10.0.26100.8737)
Time: Tue Jul 14 14:48:05 2026 India Standard Time elapsed time: 5908.202725 seconds (0d 1h 38m 28s)

---------------  T H R E A D  ---------------

Current thread (0x0000026b58996ff0):  JavaThread "Attach Listener" daemon [_thread_in_vm, id=5564, stack(0x000000d986700000,0x000000d986800000) (1024K)]

Stack: [0x000000d986700000,0x000000d986800000]
Native frames: (J=compiled Java code, j=interpreted, Vv=VM code, C=native code)
V  [jvm.dll+0x6d7e19]
V  [jvm.dll+0x8b5096]
V  [jvm.dll+0x8b764e]
V  [jvm.dll+0x8b7d33]
V  [jvm.dll+0x284596]
V  [jvm.dll+0xc13c7]
V  [jvm.dll+0x6d86c9]
V  [jvm.dll+0x133616]
V  [jvm.dll+0x3f868e]
V  [jvm.dll+0x85fb0d]
V  [jvm.dll+0x6d664d]
C  [ucrtbase.dll+0x2cd30]
C  [KERNEL32.DLL+0x2e957]
C  [ntdll.dll+0xaad6c]


---------------  P R O C E S S  ---------------

Threads class SMR info:
_java_thread_list=0x0000026b77868d80, length=38, elements={
0x0000026b564ea810, 0x0000026b5889e360, 0x0000026b58992820, 0x0000026b58996390,
0x0000026b58996ff0, 0x0000026b58999a60, 0x0000026b5899c4d0, 0x0000026b5899d310,
0x0000026b70662fc0, 0x0000026b708cb740, 0x0000026b7093b690, 0x0000026b7178e910,
0x0000026b71b42560, 0x0000026b71b3ed60, 0x0000026b71b3f3d0, 0x0000026b71c11c30,
0x0000026b760feee0, 0x0000026b70773a80, 0x0000026b76542440, 0x0000026b76541db0,
0x0000026b76540370, 0x0000026b76541090, 0x0000026b76da7070, 0x0000026b76da7700,
0x0000026b76da5cc0, 0x0000026b76da7d90, 0x0000026b76da8420, 0x0000026b76da4fa0,
0x0000026b76da8ab0, 0x0000026b76da9140, 0x0000026b76da97d0, 0x0000026b76da6350,
0x0000026b76da9e60, 0x0000026b76daa4f0, 0x0000026b76dab210, 0x0000026b76daab80,
0x0000026b76dac5c0, 0x0000026b76dab8a0
}

Java Threads: ( => current thread )
  0x0000026b564ea810 JavaThread "main"                              [_thread_blocked, id=23952, stack(0x000000d986000000,0x000000d986100000) (1024K)]
  0x0000026b5889e360 JavaThread "Reference Handler"          daemon [_thread_blocked, id=4940, stack(0x000000d986400000,0x000000d986500000) (1024K)]
  0x0000026b58992820 JavaThread "Finalizer"                  daemon [_thread_blocked, id=18108, stack(0x000000d986500000,0x000000d986600000) (1024K)]
  0x0000026b58996390 JavaThread "Signal Dispatcher"          daemon [_thread_blocked, id=29560, stack(0x000000d986600000,0x000000d986700000) (1024K)]
=>0x0000026b58996ff0 JavaThread "Attach Listener"            daemon [_thread_in_vm, id=5564, stack(0x000000d986700000,0x000000d986800000) (1024K)]
  0x0000026b58999a60 JavaThread "Service Thread"             daemon [_thread_blocked, id=24188, stack(0x000000d986800000,0x000000d986900000) (1024K)]
  0x0000026b5899c4d0 JavaThread "Monitor Deflation Thread"   daemon [_thread_blocked, id=27096, stack(0x000000d986900000,0x000000d986a00000) (1024K)]
  0x0000026b5899d310 JavaThread "C2 CompilerThread0"         daemon [_thread_blocked, id=28056, stack(0x000000d986a00000,0x000000d986b00000) (1024K)]
  0x0000026b70662fc0 JavaThread "C1 CompilerThread0"         daemon [_thread_blocked, id=30592, stack(0x000000d986b00000,0x000000d986c00000) (1024K)]
  0x0000026b708cb740 JavaThread "Common-Cleaner"             daemon [_thread_blocked, id=25168, stack(0x000000d986c00000,0x000000d986d00000) (1024K)]
  0x0000026b7093b690 JavaThread "Notification Thread"        daemon [_thread_blocked, id=17012, stack(0x000000d986d00000,0x000000d986e00000) (1024K)]
  0x0000026b7178e910 JavaThread "Active Thread: Equinox Container: 213e81da-8d36-4e0d-93d1-414a6c584177"        [_thread_blocked, id=23824, stack(0x000000d987400000,0x000000d987500000) (1024K)]
  0x0000026b71b42560 JavaThread "Refresh Thread: Equinox Container: 213e81da-8d36-4e0d-93d1-414a6c584177" daemon [_thread_blocked, id=21820, stack(0x000000d987600000,0x000000d987700000) (1024K)]
  0x0000026b71b3ed60 JavaThread "Framework Event Dispatcher: Equinox Container: 213e81da-8d36-4e0d-93d1-414a6c584177" daemon [_thread_blocked, id=5608, stack(0x000000d987700000,0x000000d987800000) (1024K)]
  0x0000026b71b3f3d0 JavaThread "Start Level: Equinox Container: 213e81da-8d36-4e0d-93d1-414a6c584177" daemon [_thread_blocked, id=12332, stack(0x000000d987800000,0x000000d987900000) (1024K)]
  0x0000026b71c11c30 JavaThread "Bundle File Closer"         daemon [_thread_blocked, id=26064, stack(0x000000d987b00000,0x000000d987c00000) (1024K)]
  0x0000026b760feee0 JavaThread "SCR Component Actor"        daemon [_thread_blocked, id=29652, stack(0x000000d985e00000,0x000000d985f00000) (1024K)]
  0x0000026b70773a80 JavaThread "Worker-JM"                         [_thread_blocked, id=28800, stack(0x000000d987c00000,0x000000d987d00000) (1024K)]
  0x0000026b76542440 JavaThread "JNA Cleaner"                daemon [_thread_blocked, id=18216, stack(0x000000d987d00000,0x000000d987e00000) (1024K)]
  0x0000026b76541db0 JavaThread "Worker-0"                          [_thread_blocked, id=29688, stack(0x000000d987e00000,0x000000d987f00000) (1024K)]
  0x0000026b76540370 JavaThread "Java indexing"              daemon [_thread_blocked, id=12164, stack(0x000000d988200000,0x000000d988300000) (1024K)]
  0x0000026b76541090 JavaThread "Worker-4"                          [_thread_blocked, id=18120, stack(0x000000d988400000,0x000000d988500000) (1024K)]
  0x0000026b76da7070 JavaThread "Thread-1"                   daemon [_thread_in_native, id=24444, stack(0x000000d988800000,0x000000d988900000) (1024K)]
  0x0000026b76da7700 JavaThread "Thread-2"                   daemon [_thread_in_native, id=27196, stack(0x000000d988900000,0x000000d988a00000) (1024K)]
  0x0000026b76da5cc0 JavaThread "Thread-3"                   daemon [_thread_in_native, id=15484, stack(0x000000d988b00000,0x000000d988c00000) (1024K)]
  0x0000026b76da7d90 JavaThread "Thread-4"                   daemon [_thread_in_native, id=7672, stack(0x000000d988c00000,0x000000d988d00000) (1024K)]
  0x0000026b76da8420 JavaThread "Thread-5"                   daemon [_thread_in_native, id=23256, stack(0x000000d988d00000,0x000000d988e00000) (1024K)]
  0x0000026b76da4fa0 JavaThread "Thread-6"                   daemon [_thread_in_native, id=26620, stack(0x000000d988e00000,0x000000d988f00000) (1024K)]
  0x0000026b76da8ab0 JavaThread "Thread-7"                   daemon [_thread_in_native, id=17624, stack(0x000000d988f00000,0x000000d989000000) (1024K)]
  0x0000026b76da9140 JavaThread "Thread-8"                   daemon [_thread_in_native, id=17860, stack(0x000000d989000000,0x000000d989100000) (1024K)]
  0x0000026b76da97d0 JavaThread "Thread-9"                   daemon [_thread_in_native, id=7332, stack(0x000000d989100000,0x000000d989200000) (1024K)]
  0x0000026b76da6350 JavaThread "Thread-10"                  daemon [_thread_in_native, id=27480, stack(0x000000d989200000,0x000000d989300000) (1024K)]
  0x0000026b76da9e60 JavaThread "Thread-11"                  daemon [_thread_in_native, id=13268, stack(0x000000d989300000,0x000000d989400000) (1024K)]
  0x0000026b76daa4f0 JavaThread "Thread-12"                  daemon [_thread_in_native, id=4232, stack(0x000000d989400000,0x000000d989500000) (1024K)]
  0x0000026b76dab210 JavaThread "Thread-13"                  daemon [_thread_in_native, id=19344, stack(0x000000d989500000,0x000000d989600000) (1024K)]
  0x0000026b76daab80 JavaThread "pool-2-thread-1"                   [_thread_blocked, id=15280, stack(0x000000d989600000,0x000000d989700000) (1024K)]
  0x0000026b76dac5c0 JavaThread "WorkspaceEventsHandler"            [_thread_blocked, id=18660, stack(0x000000d989700000,0x000000d989800000) (1024K)]
  0x0000026b76dab8a0 JavaThread "pool-1-thread-1"                   [_thread_blocked, id=17512, stack(0x000000d989800000,0x000000d989900000) (1024K)]
Total: 38

Other Threads:
  0x0000026b58884a90 VMThread "VM Thread"                           [id=26352, stack(0x000000d986300000,0x000000d986400000) (1024K)]
  0x0000026b5895ac90 WatcherThread "VM Periodic Task Thread"        [id=28740, stack(0x000000d986200000,0x000000d986300000) (1024K)]
  0x0000026b589104c0 WorkerThread "GC Thread#0"                     [id=19040, stack(0x000000d986100000,0x000000d986200000) (1024K)]
  0x0000026b718c4fd0 WorkerThread "GC Thread#1"                     [id=11508, stack(0x000000d986e00000,0x000000d986f00000) (1024K)]
  0x0000026b718a6540 WorkerThread "GC Thread#2"                     [id=26136, stack(0x000000d986f00000,0x000000d987000000) (1024K)]
  0x0000026b71aa3d00 WorkerThread "GC Thread#3"                     [id=12224, stack(0x000000d987000000,0x000000d987100000) (1024K)]
  0x0000026b71aa40b0 WorkerThread "GC Thread#4"                     [id=16888, stack(0x000000d987100000,0x000000d987200000) (1024K)]
  0x0000026b71aa4860 WorkerThread "GC Thread#5"                     [id=29956, stack(0x000000d987200000,0x000000d987300000) (1024K)]
  0x0000026b71aa4c10 WorkerThread "GC Thread#6"                     [id=23352, stack(0x000000d987300000,0x000000d987400000) (1024K)]
  0x0000026b589ad040 WorkerThread "GC Thread#7"                     [id=2056, stack(0x000000d987500000,0x000000d987600000) (1024K)]
  0x0000026b7601ecb0 WorkerThread "GC Thread#8"                     [id=21420, stack(0x000000d987900000,0x000000d987a00000) (1024K)]
  0x0000026b7601f060 WorkerThread "GC Thread#9"                     [id=8292, stack(0x000000d987a00000,0x000000d987b00000) (1024K)]
Total: 12

Threads with active compile tasks:
Total: 0

VM state: not at safepoint (normal execution)

VM Mutex/Monitor currently owned by a thread: None

Heap address: 0x0000000080000000, size: 2048 MB, Compressed Oops mode: 32-bit

CDS archive(s) mapped at: [0x0000026b00000000-0x0000026b00ba0000-0x0000026b00ba0000), size 12189696, SharedBaseAddress: 0x0000026b00000000, ArchiveRelocationMode: 1.
Compressed class space mapped at: 0x0000026b01000000-0x0000026b41000000, reserved size: 1073741824
Narrow klass base: 0x0000026b00000000, Narrow klass shift: 0, Narrow klass range: 0x100000000

GC Precious Log:
 CardTable entry size: 512
 CPUs: 12 total, 12 available
 Memory: 7930M
 Large Page Support: Disabled
 NUMA Support: Disabled
 Compressed Oops: Enabled (32-bit)
 Alignments: Space 512K, Generation 512K, Heap 2M
 Heap Min Capacity: 100M
 Heap Initial Capacity: 100M
 Heap Max Capacity: 2G
 Pre-touch: Disabled
 Parallel Workers: 10

Heap:
 PSYoungGen      total 4608K, used 840K [0x00000000d5580000, 0x00000000d5c00000, 0x0000000100000000)
  eden space 4096K, 14% used [0x00000000d5580000,0x00000000d56122d8,0x00000000d5980000)
  from space 512K, 50% used [0x00000000d5b80000,0x00000000d5bc0000,0x00000000d5c00000)
  to   space 512K, 0% used [0x00000000d5b00000,0x00000000d5b00000,0x00000000d5b80000)
 ParOldGen       total 317952K, used 317614K [0x0000000080000000, 0x0000000093680000, 0x00000000d5580000)
  object space 317952K, 99% used [0x0000000080000000,0x000000009362b978,0x0000000093680000)
 Metaspace       used 71374K, committed 73344K, reserved 1114112K
  class space    used 7558K, committed 8448K, reserved 1048576K

Card table byte_map: [0x0000026b58290000,0x0000026b586a0000] _byte_map_base: 0x0000026b57e90000

Marking Bits: (ParMarkBitMap*) 0x00007ffb46384460
 Begin Bits: [0x0000026b6ada0000, 0x0000026b6cda0000)
 End Bits:   [0x0000026b6cda0000, 0x0000026b6eda0000)

Polling page: 0x0000026b564a0000

Metaspace:

Usage:
  Non-class:     62.32 MB used.
      Class:      7.38 MB used.
       Both:     69.70 MB used.

Virtual space:
  Non-class space:       64.00 MB reserved,      63.38 MB (>99%) committed,  1 nodes.
      Class space:        1.00 GB reserved,       8.25 MB ( <1%) committed,  1 nodes.
             Both:        1.06 GB reserved,      71.62 MB (  7%) committed. 

Chunk freelists:
   Non-Class:  592.00 KB
       Class:  7.67 MB
        Both:  8.25 MB

MaxMetaspaceSize: unlimited
CompressedClassSpaceSize: 1.00 GB
Initial GC threshold: 21.00 MB
Current GC threshold: 97.31 MB
CDS: on
 - commit_granule_bytes: 65536.
 - commit_granule_words: 8192.
 - virtual_space_node_default_size: 8388608.
 - enlarge_chunks_in_place: 1.
 - use_allocation_guard: 0.


Internal statistics:

num_allocs_failed_limit: 9.
num_arena_births: 1370.
num_arena_deaths: 20.
num_vsnodes_births: 2.
num_vsnodes_deaths: 0.
num_space_committed: 1146.
num_space_uncommitted: 0.
num_chunks_returned_to_freelist: 32.
num_chunks_taken_from_freelist: 4919.
num_chunk_merges: 16.
num_chunk_splits: 3004.
num_chunks_enlarged: 1686.
num_inconsistent_stats: 0.

CodeHeap 'non-profiled nmethods': size=120000Kb used=12391Kb max_used=12391Kb free=107608Kb
 bounds [0x0000026b635c0000, 0x0000026b641e0000, 0x0000026b6aaf0000]
CodeHeap 'profiled nmethods': size=120000Kb used=35426Kb max_used=35426Kb free=84573Kb
 bounds [0x0000026b5baf0000, 0x0000026b5dd90000, 0x0000026b63020000]
CodeHeap 'non-nmethods': size=5760Kb used=1449Kb max_used=1535Kb free=4310Kb
 bounds [0x0000026b63020000, 0x0000026b63290000, 0x0000026b635c0000]
CodeCache: size=245760Kb, used=49266Kb, max_used=49352Kb, free=196491Kb
 total_blobs=16326, nmethods=15574, adapters=656, full_count=0
Compilation: enabled, stopped_count=0, restarted_count=0

Compilation events (20 events):
Event: 4856.999 Thread 0x0000026b70662fc0 16587       3       org.eclipse.core.internal.resources.MarkerSet::shareStrings (57 bytes)
Event: 4857.006 Thread 0x0000026b5899d310 16588       4       org.eclipse.core.internal.dtree.AbstractDataTreeNode::storeStrings (42 bytes)
Event: 4857.015 Thread 0x0000026b70662fc0 nmethod 16587 0x0000026b5dd83f10 code [0x0000026b5dd840e0, 0x0000026b5dd84650]
Event: 4857.096 Thread 0x0000026b5899d310 nmethod 16588 0x0000026b641d6d90 code [0x0000026b641d6fe0, 0x0000026b641d7ac8]
Event: 4857.096 Thread 0x0000026b5899d310 16589       4       org.eclipse.core.internal.dtree.DataTreeNode::storeStrings (28 bytes)
Event: 4857.144 Thread 0x0000026b5899d310 nmethod 16589 0x0000026b641d8410 code [0x0000026b641d86c0, 0x0000026b641d93f8]
Event: 5059.317 Thread 0x0000026b70662fc0 16590   !   3       java.lang.ref.ReferenceQueue::remove (61 bytes)
Event: 5059.326 Thread 0x0000026b70662fc0 nmethod 16590 0x0000026b5dd84810 code [0x0000026b5dd84aa0, 0x0000026b5dd85628]
Event: 5059.326 Thread 0x0000026b70662fc0 16591       3       java.lang.ref.ReferenceQueue::remove0 (64 bytes)
Event: 5059.327 Thread 0x0000026b70662fc0 nmethod 16591 0x0000026b5dd85a10 code [0x0000026b5dd85c20, 0x0000026b5dd860a0]
Event: 5389.027 Thread 0x0000026b70662fc0 16592       3       java.util.concurrent.locks.AbstractQueuedSynchronizer$ConditionObject::await (202 bytes)
Event: 5389.601 Thread 0x0000026b70662fc0 nmethod 16592 0x0000026b5dd86210 code [0x0000026b5dd86500, 0x0000026b5dd87330]
Event: 5419.420 Thread 0x0000026b70662fc0 16593       3       java.lang.ref.ReferenceQueue::await (15 bytes)
Event: 5419.422 Thread 0x0000026b70662fc0 nmethod 16593 0x0000026b5dd87910 code [0x0000026b5dd87ac0, 0x0000026b5dd87c60]
Event: 5629.485 Thread 0x0000026b70662fc0 16594   !   3       java.util.logging.LogManager::getUserContext (118 bytes)
Event: 5629.500 Thread 0x0000026b70662fc0 nmethod 16594 0x0000026b5dd87d90 code [0x0000026b5dd87f40, 0x0000026b5dd881b0]
Event: 5629.500 Thread 0x0000026b70662fc0 16595       3       jdk.internal.access.SharedSecrets::getJavaAWTAccess (4 bytes)
Event: 5629.501 Thread 0x0000026b70662fc0 nmethod 16595 0x0000026b5dd88310 code [0x0000026b5dd884a0, 0x0000026b5dd88598]
Event: 5757.060 Thread 0x0000026b70662fc0 16596       3       org.eclipse.core.runtime.Status::matches (13 bytes)
Event: 5757.063 Thread 0x0000026b70662fc0 nmethod 16596 0x0000026b5dd88610 code [0x0000026b5dd887c0, 0x0000026b5dd88938]

GC Heap History (20 events):
Event: 538.732 GC heap before
{Heap before GC invocations=846 (full 3):
 PSYoungGen      total 4608K, used 4352K [0x00000000d5580000, 0x00000000d5c00000, 0x0000000100000000)
  eden space 4096K, 100% used [0x00000000d5580000,0x00000000d5980000,0x00000000d5980000)
  from space 512K, 50% used [0x00000000d5b80000,0x00000000d5bc0000,0x00000000d5c00000)
  to   space 512K, 0% used [0x00000000d5b00000,0x00000000d5b00000,0x00000000d5b80000)
 ParOldGen       total 317952K, used 317494K [0x0000000080000000, 0x0000000093680000, 0x00000000d5580000)
  object space 317952K, 99% used [0x0000000080000000,0x000000009360d978,0x0000000093680000)
 Metaspace       used 71241K, committed 73088K, reserved 1114112K
  class space    used 7539K, committed 8384K, reserved 1048576K
}
Event: 538.733 GC heap after
{Heap after GC invocations=846 (full 3):
 PSYoungGen      total 4608K, used 192K [0x00000000d5580000, 0x00000000d5c00000, 0x0000000100000000)
  eden space 4096K, 0% used [0x00000000d5580000,0x00000000d5580000,0x00000000d5980000)
  from space 512K, 37% used [0x00000000d5b00000,0x00000000d5b30000,0x00000000d5b80000)
  to   space 512K, 0% used [0x00000000d5b80000,0x00000000d5b80000,0x00000000d5c00000)
 ParOldGen       total 317952K, used 317494K [0x0000000080000000, 0x0000000093680000, 0x00000000d5580000)
  object space 317952K, 99% used [0x0000000080000000,0x000000009360d978,0x0000000093680000)
 Metaspace       used 71241K, committed 73088K, reserved 1114112K
  class space    used 7539K, committed 8384K, reserved 1048576K
}
Event: 538.814 GC heap before
{Heap before GC invocations=847 (full 3):
 PSYoungGen      total 4608K, used 4288K [0x00000000d5580000, 0x00000000d5c00000, 0x0000000100000000)
  eden space 4096K, 100% used [0x00000000d5580000,0x00000000d5980000,0x00000000d5980000)
  from space 512K, 37% used [0x00000000d5b00000,0x00000000d5b30000,0x00000000d5b80000)
  to   space 512K, 0% used [0x00000000d5b80000,0x00000000d5b80000,0x00000000d5c00000)
 ParOldGen       total 317952K, used 317494K [0x0000000080000000, 0x0000000093680000, 0x00000000d5580000)
  object space 317952K, 99% used [0x0000000080000000,0x000000009360d978,0x0000000093680000)
 Metaspace       used 71241K, committed 73088K, reserved 1114112K
  class space    used 7539K, committed 8384K, reserved 1048576K
}
Event: 538.815 GC heap after
{Heap after GC invocations=847 (full 3):
 PSYoungGen      total 4608K, used 160K [0x00000000d5580000, 0x00000000d5c00000, 0x0000000100000000)
  eden space 4096K, 0% used [0x00000000d5580000,0x00000000d5580000,0x00000000d5980000)
  from space 512K, 31% used [0x00000000d5b80000,0x00000000d5ba8000,0x00000000d5c00000)
  to   space 512K, 0% used [0x00000000d5b00000,0x00000000d5b00000,0x00000000d5b80000)
 ParOldGen       total 317952K, used 317518K [0x0000000080000000, 0x0000000093680000, 0x00000000d5580000)
  object space 317952K, 99% used [0x0000000080000000,0x0000000093613978,0x0000000093680000)
 Metaspace       used 71241K, committed 73088K, reserved 1114112K
  class space    used 7539K, committed 8384K, reserved 1048576K
}
Event: 538.900 GC heap before
{Heap before GC invocations=848 (full 3):
 PSYoungGen      total 4608K, used 4256K [0x00000000d5580000, 0x00000000d5c00000, 0x0000000100000000)
  eden space 4096K, 100% used [0x00000000d5580000,0x00000000d5980000,0x00000000d5980000)
  from space 512K, 31% used [0x00000000d5b80000,0x00000000d5ba8000,0x00000000d5c00000)
  to   space 512K, 0% used [0x00000000d5b00000,0x00000000d5b00000,0x00000000d5b80000)
 ParOldGen       total 317952K, used 317518K [0x0000000080000000, 0x0000000093680000, 0x00000000d5580000)
  object space 317952K, 99% used [0x0000000080000000,0x0000000093613978,0x0000000093680000)
 Metaspace       used 71241K, committed 73088K, reserved 1114112K
  class space    used 7539K, committed 8384K, reserved 1048576K
}
Event: 538.901 GC heap after
{Heap after GC invocations=848 (full 3):
 PSYoungGen      total 4608K, used 192K [0x00000000d5580000, 0x00000000d5c00000, 0x0000000100000000)
  eden space 4096K, 0% used [0x00000000d5580000,0x00000000d5580000,0x00000000d5980000)
  from space 512K, 37% used [0x00000000d5b00000,0x00000000d5b30000,0x00000000d5b80000)
  to   space 512K, 0% used [0x00000000d5b80000,0x00000000d5b80000,0x00000000d5c00000)
 ParOldGen       total 317952K, used 317518K [0x0000000080000000, 0x0000000093680000, 0x00000000d5580000)
  object space 317952K, 99% used [0x0000000080000000,0x0000000093613978,0x0000000093680000)
 Metaspace       used 71241K, committed 73088K, reserved 1114112K
  class space    used 7539K, committed 8384K, reserved 1048576K
}
Event: 696.765 GC heap before
{Heap before GC invocations=849 (full 3):
 PSYoungGen      total 4608K, used 4288K [0x00000000d5580000, 0x00000000d5c00000, 0x0000000100000000)
  eden space 4096K, 100% used [0x00000000d5580000,0x00000000d5980000,0x00000000d5980000)
  from space 512K, 37% used [0x00000000d5b00000,0x00000000d5b30000,0x00000000d5b80000)
  to   space 512K, 0% used [0x00000000d5b80000,0x00000000d5b80000,0x00000000d5c00000)
 ParOldGen       total 317952K, used 317518K [0x0000000080000000, 0x0000000093680000, 0x00000000d5580000)
  object space 317952K, 99% used [0x0000000080000000,0x0000000093613978,0x0000000093680000)
 Metaspace       used 71244K, committed 73152K, reserved 1114112K
  class space    used 7539K, committed 8384K, reserved 1048576K
}
Event: 696.779 GC heap after
{Heap after GC invocations=849 (full 3):
 PSYoungGen      total 4608K, used 256K [0x00000000d5580000, 0x00000000d5c00000, 0x0000000100000000)
  eden space 4096K, 0% used [0x00000000d5580000,0x00000000d5580000,0x00000000d5980000)
  from space 512K, 50% used [0x00000000d5b80000,0x00000000d5bc0000,0x00000000d5c00000)
  to   space 512K, 0% used [0x00000000d5b00000,0x00000000d5b00000,0x00000000d5b80000)
 ParOldGen       total 317952K, used 317518K [0x0000000080000000, 0x0000000093680000, 0x00000000d5580000)
  object space 317952K, 99% used [0x0000000080000000,0x0000000093613978,0x0000000093680000)
 Metaspace       used 71244K, committed 73152K, reserved 1114112K
  class space    used 7539K, committed 8384K, reserved 1048576K
}
Event: 743.310 GC heap before
{Heap before GC invocations=850 (full 3):
 PSYoungGen      total 4608K, used 4352K [0x00000000d5580000, 0x00000000d5c00000, 0x0000000100000000)
  eden space 4096K, 100% used [0x00000000d5580000,0x00000000d5980000,0x00000000d5980000)
  from space 512K, 50% used [0x00000000d5b80000,0x00000000d5bc0000,0x00000000d5c00000)
  to   space 512K, 0% used [0x00000000d5b00000,0x00000000d5b00000,0x00000000d5b80000)
 ParOldGen       total 317952K, used 317518K [0x0000000080000000, 0x0000000093680000, 0x00000000d5580000)
  object space 317952K, 99% used [0x0000000080000000,0x0000000093613978,0x0000000093680000)
 Metaspace       used 71244K, committed 73152K, reserved 1114112K
  class space    used 7539K, committed 8384K, reserved 1048576K
}
Event: 743.311 GC heap after
{Heap after GC invocations=850 (full 3):
 PSYoungGen      total 4608K, used 288K [0x00000000d5580000, 0x00000000d5c00000, 0x0000000100000000)
  eden space 4096K, 0% used [0x00000000d5580000,0x00000000d5580000,0x00000000d5980000)
  from space 512K, 56% used [0x00000000d5b00000,0x00000000d5b48000,0x00000000d5b80000)
  to   space 512K, 0% used [0x00000000d5b80000,0x00000000d5b80000,0x00000000d5c00000)
 ParOldGen       total 317952K, used 317518K [0x0000000080000000, 0x0000000093680000, 0x00000000d5580000)
  object space 317952K, 99% used [0x0000000080000000,0x0000000093613978,0x0000000093680000)
 Metaspace       used 71244K, committed 73152K, reserved 1114112K
  class space    used 7539K, committed 8384K, reserved 1048576K
}
Event: 883.893 GC heap before
{Heap before GC invocations=851 (full 3):
 PSYoungGen      total 4608K, used 4384K [0x00000000d5580000, 0x00000000d5c00000, 0x0000000100000000)
  eden space 4096K, 100% used [0x00000000d5580000,0x00000000d5980000,0x00000000d5980000)
  from space 512K, 56% used [0x00000000d5b00000,0x00000000d5b48000,0x00000000d5b80000)
  to   space 512K, 0% used [0x00000000d5b80000,0x00000000d5b80000,0x00000000d5c00000)
 ParOldGen       total 317952K, used 317518K [0x0000000080000000, 0x0000000093680000, 0x00000000d5580000)
  object space 317952K, 99% used [0x0000000080000000,0x0000000093613978,0x0000000093680000)
 Metaspace       used 71245K, committed 73152K, reserved 1114112K
  class space    used 7539K, committed 8384K, reserved 1048576K
}
Event: 883.909 GC heap after
{Heap after GC invocations=851 (full 3):
 PSYoungGen      total 4608K, used 256K [0x00000000d5580000, 0x00000000d5c00000, 0x0000000100000000)
  eden space 4096K, 0% used [0x00000000d5580000,0x00000000d5580000,0x00000000d5980000)
  from space 512K, 50% used [0x00000000d5b80000,0x00000000d5bc0000,0x00000000d5c00000)
  to   space 512K, 0% used [0x00000000d5b00000,0x00000000d5b00000,0x00000000d5b80000)
 ParOldGen       total 317952K, used 317518K [0x0000000080000000, 0x0000000093680000, 0x00000000d5580000)
  object space 317952K, 99% used [0x0000000080000000,0x0000000093613978,0x0000000093680000)
 Metaspace       used 71245K, committed 73152K, reserved 1114112K
  class space    used 7539K, committed 8384K, reserved 1048576K
}
Event: 1135.543 GC heap before
{Heap before GC invocations=852 (full 3):
 PSYoungGen      total 4608K, used 4352K [0x00000000d5580000, 0x00000000d5c00000, 0x0000000100000000)
  eden space 4096K, 100% used [0x00000000d5580000,0x00000000d5980000,0x00000000d5980000)
  from space 512K, 50% used [0x00000000d5b80000,0x00000000d5bc0000,0x00000000d5c00000)
  to   space 512K, 0% used [0x00000000d5b00000,0x00000000d5b00000,0x00000000d5b80000)
 ParOldGen       total 317952K, used 317518K [0x0000000080000000, 0x0000000093680000, 0x00000000d5580000)
  object space 317952K, 99% used [0x0000000080000000,0x0000000093613978,0x0000000093680000)
 Metaspace       used 71251K, committed 73216K, reserved 1114112K
  class space    used 7539K, committed 8384K, reserved 1048576K
}
Event: 1135.621 GC heap after
{Heap after GC invocations=852 (full 3):
 PSYoungGen      total 4608K, used 192K [0x00000000d5580000, 0x00000000d5c00000, 0x0000000100000000)
  eden space 4096K, 0% used [0x00000000d5580000,0x00000000d5580000,0x00000000d5980000)
  from space 512K, 37% used [0x00000000d5b00000,0x00000000d5b30000,0x00000000d5b80000)
  to   space 512K, 0% used [0x00000000d5b80000,0x00000000d5b80000,0x00000000d5c00000)
 ParOldGen       total 317952K, used 317518K [0x0000000080000000, 0x0000000093680000, 0x00000000d5580000)
  object space 317952K, 99% used [0x0000000080000000,0x0000000093613978,0x0000000093680000)
 Metaspace       used 71251K, committed 73216K, reserved 1114112K
  class space    used 7539K, committed 8384K, reserved 1048576K
}
Event: 1395.206 GC heap before
{Heap before GC invocations=853 (full 3):
 PSYoungGen      total 4608K, used 4287K [0x00000000d5580000, 0x00000000d5c00000, 0x0000000100000000)
  eden space 4096K, 99% used [0x00000000d5580000,0x00000000d597ffa0,0x00000000d5980000)
  from space 512K, 37% used [0x00000000d5b00000,0x00000000d5b30000,0x00000000d5b80000)
  to   space 512K, 0% used [0x00000000d5b80000,0x00000000d5b80000,0x00000000d5c00000)
 ParOldGen       total 317952K, used 317518K [0x0000000080000000, 0x0000000093680000, 0x00000000d5580000)
  object space 317952K, 99% used [0x0000000080000000,0x0000000093613978,0x0000000093680000)
 Metaspace       used 71340K, committed 73344K, reserved 1114112K
  class space    used 7558K, committed 8448K, reserved 1048576K
}
Event: 1395.225 GC heap after
{Heap after GC invocations=853 (full 3):
 PSYoungGen      total 4608K, used 288K [0x00000000d5580000, 0x00000000d5c00000, 0x0000000100000000)
  eden space 4096K, 0% used [0x00000000d5580000,0x00000000d5580000,0x00000000d5980000)
  from space 512K, 56% used [0x00000000d5b80000,0x00000000d5bc8000,0x00000000d5c00000)
  to   space 512K, 0% used [0x00000000d5b00000,0x00000000d5b00000,0x00000000d5b80000)
 ParOldGen       total 317952K, used 317518K [0x0000000080000000, 0x0000000093680000, 0x00000000d5580000)
  object space 317952K, 99% used [0x0000000080000000,0x0000000093613978,0x0000000093680000)
 Metaspace       used 71340K, committed 73344K, reserved 1114112K
  class space    used 7558K, committed 8448K, reserved 1048576K
}
Event: 2000.378 GC heap before
{Heap before GC invocations=854 (full 3):
 PSYoungGen      total 4608K, used 4384K [0x00000000d5580000, 0x00000000d5c00000, 0x0000000100000000)
  eden space 4096K, 100% used [0x00000000d5580000,0x00000000d5980000,0x00000000d5980000)
  from space 512K, 56% used [0x00000000d5b80000,0x00000000d5bc8000,0x00000000d5c00000)
  to   space 512K, 0% used [0x00000000d5b00000,0x00000000d5b00000,0x00000000d5b80000)
 ParOldGen       total 317952K, used 317518K [0x0000000080000000, 0x0000000093680000, 0x00000000d5580000)
  object space 317952K, 99% used [0x0000000080000000,0x0000000093613978,0x0000000093680000)
 Metaspace       used 71359K, committed 73344K, reserved 1114112K
  class space    used 7558K, committed 8448K, reserved 1048576K
}
Event: 2000.447 GC heap after
{Heap after GC invocations=854 (full 3):
 PSYoungGen      total 4608K, used 224K [0x00000000d5580000, 0x00000000d5c00000, 0x0000000100000000)
  eden space 4096K, 0% used [0x00000000d5580000,0x00000000d5580000,0x00000000d5980000)
  from space 512K, 43% used [0x00000000d5b00000,0x00000000d5b38000,0x00000000d5b80000)
  to   space 512K, 0% used [0x00000000d5b80000,0x00000000d5b80000,0x00000000d5c00000)
 ParOldGen       total 317952K, used 317590K [0x0000000080000000, 0x0000000093680000, 0x00000000d5580000)
  object space 317952K, 99% used [0x0000000080000000,0x0000000093625978,0x0000000093680000)
 Metaspace       used 71359K, committed 73344K, reserved 1114112K
  class space    used 7558K, committed 8448K, reserved 1048576K
}
Event: 2403.727 GC heap before
{Heap before GC invocations=855 (full 3):
 PSYoungGen      total 4608K, used 4320K [0x00000000d5580000, 0x00000000d5c00000, 0x0000000100000000)
  eden space 4096K, 100% used [0x00000000d5580000,0x00000000d5980000,0x00000000d5980000)
  from space 512K, 43% used [0x00000000d5b00000,0x00000000d5b38000,0x00000000d5b80000)
  to   space 512K, 0% used [0x00000000d5b80000,0x00000000d5b80000,0x00000000d5c00000)
 ParOldGen       total 317952K, used 317590K [0x0000000080000000, 0x0000000093680000, 0x00000000d5580000)
  object space 317952K, 99% used [0x0000000080000000,0x0000000093625978,0x0000000093680000)
 Metaspace       used 71360K, committed 73344K, reserved 1114112K
  class space    used 7558K, committed 8448K, reserved 1048576K
}
Event: 2403.822 GC heap after
{Heap after GC invocations=855 (full 3):
 PSYoungGen      total 4608K, used 256K [0x00000000d5580000, 0x00000000d5c00000, 0x0000000100000000)
  eden space 4096K, 0% used [0x00000000d5580000,0x00000000d5580000,0x00000000d5980000)
  from space 512K, 50% used [0x00000000d5b80000,0x00000000d5bc0000,0x00000000d5c00000)
  to   space 512K, 0% used [0x00000000d5b00000,0x00000000d5b00000,0x00000000d5b80000)
 ParOldGen       total 317952K, used 317614K [0x0000000080000000, 0x0000000093680000, 0x00000000d5580000)
  object space 317952K, 99% used [0x0000000080000000,0x000000009362b978,0x0000000093680000)
 Metaspace       used 71360K, committed 73344K, reserved 1114112K
  class space    used 7558K, committed 8448K, reserved 1048576K
}

Dll operation events (10 events):
Event: 0.023 Loaded shared library c:\Users\harih\.vscode\extensions\redhat.java-1.55.0-win32-x64\jre\21.0.11-win32-x86_64\bin\java.dll
Event: 0.184 Loaded shared library c:\Users\harih\.vscode\extensions\redhat.java-1.55.0-win32-x64\jre\21.0.11-win32-x86_64\bin\zip.dll
Event: 0.213 Loaded shared library C:\Users\harih\.vscode\extensions\redhat.java-1.55.0-win32-x64\jre\21.0.11-win32-x86_64\bin\instrument.dll
Event: 0.220 Loaded shared library C:\Users\harih\.vscode\extensions\redhat.java-1.55.0-win32-x64\jre\21.0.11-win32-x86_64\bin\net.dll
Event: 0.225 Loaded shared library C:\Users\harih\.vscode\extensions\redhat.java-1.55.0-win32-x64\jre\21.0.11-win32-x86_64\bin\nio.dll
Event: 0.230 Loaded shared library C:\Users\harih\.vscode\extensions\redhat.java-1.55.0-win32-x64\jre\21.0.11-win32-x86_64\bin\zip.dll
Event: 0.265 Loaded shared library C:\Users\harih\.vscode\extensions\redhat.java-1.55.0-win32-x64\jre\21.0.11-win32-x86_64\bin\jimage.dll
Event: 0.396 Loaded shared library c:\Users\harih\.vscode\extensions\redhat.java-1.55.0-win32-x64\jre\21.0.11-win32-x86_64\bin\verify.dll
Event: 16.797 Loaded shared library C:\Users\harih\AppData\Roaming\Code\User\globalStorage\redhat.java\1.55.0\config_win\org.eclipse.equinox.launcher\org.eclipse.equinox.launcher.win32.win32.x86_64_1.3.100.v20260613-0559\eclipse_11924.dll
Event: 56.260 Loaded shared library C:\Users\harih\AppData\Local\Temp\jna-99048824\jna7405988530809156459.dll

Deoptimization events (20 events):
Event: 535.445 Thread 0x0000026b76dac5c0 Uncommon trap: trap_request=0xffffffcc fr.pc=0x0000026b641aa4f4 relative=0x0000000000001b54
Event: 535.445 Thread 0x0000026b76dac5c0 Uncommon trap: reason=intrinsic_or_type_checked_inlining action=make_not_entrant pc=0x0000026b641aa4f4 method=org.eclipse.core.internal.resources.WorkspaceRoot.getProjects(I)[Lorg/eclipse/core/resources/IProject; @ 8 c2
Event: 535.445 Thread 0x0000026b76dac5c0 DEOPT PACKING pc=0x0000026b641aa4f4 sp=0x000000d9897ff200
Event: 535.451 Thread 0x0000026b76dac5c0 DEOPT UNPACKING pc=0x0000026b63076da2 sp=0x000000d9897ff0f0 mode 2
Event: 1395.139 Thread 0x0000026b7a906370 Uncommon trap: trap_request=0xffffff45 fr.pc=0x0000026b641b36c4 relative=0x0000000000002984
Event: 1395.139 Thread 0x0000026b7a903c10 Uncommon trap: trap_request=0xffffff45 fr.pc=0x0000026b641b36c4 relative=0x0000000000002984
Event: 1395.139 Thread 0x0000026b7a906370 Uncommon trap: reason=unstable_if action=reinterpret pc=0x0000026b641b36c4 method=org.eclipse.core.internal.localstore.FileSystemResourceManager.allPathsForLocationNonCanonical(Ljava/net/URI;)Ljava/util/ArrayList; @ 182 c2
Event: 1395.139 Thread 0x0000026b7a903c10 Uncommon trap: reason=unstable_if action=reinterpret pc=0x0000026b641b36c4 method=org.eclipse.core.internal.localstore.FileSystemResourceManager.allPathsForLocationNonCanonical(Ljava/net/URI;)Ljava/util/ArrayList; @ 182 c2
Event: 1395.139 Thread 0x0000026b7a906370 DEOPT PACKING pc=0x0000026b641b36c4 sp=0x000000d985dfe5e0
Event: 1395.139 Thread 0x0000026b7a903c10 DEOPT PACKING pc=0x0000026b641b36c4 sp=0x000000d985ffea60
Event: 1395.139 Thread 0x0000026b7a906370 DEOPT UNPACKING pc=0x0000026b63076da2 sp=0x000000d985dfe570 mode 2
Event: 1395.140 Thread 0x0000026b7a903c10 DEOPT UNPACKING pc=0x0000026b63076da2 sp=0x000000d985ffe9f0 mode 2
Event: 1395.143 Thread 0x0000026b7a903c10 Uncommon trap: trap_request=0xffffff45 fr.pc=0x0000026b641b9ad0 relative=0x0000000000001bb0
Event: 1395.143 Thread 0x0000026b7a906370 Uncommon trap: trap_request=0xffffff45 fr.pc=0x0000026b641b9ad0 relative=0x0000000000001bb0
Event: 1395.143 Thread 0x0000026b7a903c10 Uncommon trap: reason=unstable_if action=reinterpret pc=0x0000026b641b9ad0 method=org.eclipse.core.internal.localstore.FileSystemResourceManager.findLinkedResourcesPaths(Ljava/net/URI;Ljava/util/ArrayList;)V @ 102 c2
Event: 1395.143 Thread 0x0000026b7a906370 Uncommon trap: reason=unstable_if action=reinterpret pc=0x0000026b641b9ad0 method=org.eclipse.core.internal.localstore.FileSystemResourceManager.findLinkedResourcesPaths(Ljava/net/URI;Ljava/util/ArrayList;)V @ 102 c2
Event: 1395.143 Thread 0x0000026b7a906370 DEOPT PACKING pc=0x0000026b641b9ad0 sp=0x000000d985dfe4e0
Event: 1395.143 Thread 0x0000026b7a906370 DEOPT UNPACKING pc=0x0000026b63076da2 sp=0x000000d985dfe4b8 mode 2
Event: 1395.143 Thread 0x0000026b7a903c10 DEOPT PACKING pc=0x0000026b641b9ad0 sp=0x000000d985ffe960
Event: 1395.144 Thread 0x0000026b7a903c10 DEOPT UNPACKING pc=0x0000026b63076da2 sp=0x000000d985ffe938 mode 2

Classes loaded (20 events):
Event: 358.065 Loading class java/util/stream/Nodes$CollectorTask$OfRef
Event: 358.066 Loading class java/util/stream/Nodes$CollectorTask
Event: 358.067 Loading class java/util/stream/Nodes$CollectorTask done
Event: 358.067 Loading class java/util/stream/Nodes$CollectorTask$OfRef done
Event: 358.071 Loading class java/util/function/LongFunction
Event: 358.071 Loading class java/util/function/LongFunction done
Event: 358.073 Loading class java/util/stream/Nodes$ConcNode
Event: 358.073 Loading class java/util/stream/Nodes$AbstractConcNode
Event: 358.074 Loading class java/util/stream/Nodes$AbstractConcNode done
Event: 358.074 Loading class java/util/stream/Nodes$ConcNode done
Event: 358.105 Loading class java/util/stream/Nodes$ToArrayTask$OfRef
Event: 358.105 Loading class java/util/stream/Nodes$ToArrayTask
Event: 358.105 Loading class java/util/stream/Nodes$ToArrayTask done
Event: 358.105 Loading class java/util/stream/Nodes$ToArrayTask$OfRef done
Event: 358.113 Loading class java/io/ObjectOutputStream$BlockDataOutputStream
Event: 358.114 Loading class java/io/ObjectOutputStream$BlockDataOutputStream done
Event: 358.114 Loading class java/io/ObjectOutputStream$HandleTable
Event: 358.114 Loading class java/io/ObjectOutputStream$HandleTable done
Event: 358.114 Loading class java/io/ObjectOutputStream$ReplaceTable
Event: 358.114 Loading class java/io/ObjectOutputStream$ReplaceTable done

Classes unloaded (10 events):
Event: 57.180 Thread 0x0000026b58884a90 Unloading class 0x0000026b011a7000 'java/lang/invoke/LambdaForm$MH+0x0000026b011a7000'
Event: 57.180 Thread 0x0000026b58884a90 Unloading class 0x0000026b011a6c00 'java/lang/invoke/LambdaForm$MH+0x0000026b011a6c00'
Event: 57.180 Thread 0x0000026b58884a90 Unloading class 0x0000026b011a6800 'java/lang/invoke/LambdaForm$MH+0x0000026b011a6800'
Event: 57.180 Thread 0x0000026b58884a90 Unloading class 0x0000026b011a6400 'java/lang/invoke/LambdaForm$MH+0x0000026b011a6400'
Event: 57.180 Thread 0x0000026b58884a90 Unloading class 0x0000026b011a6000 'java/lang/invoke/LambdaForm$BMH+0x0000026b011a6000'
Event: 57.180 Thread 0x0000026b58884a90 Unloading class 0x0000026b011a5c00 'java/lang/invoke/LambdaForm$DMH+0x0000026b011a5c00'
Event: 57.180 Thread 0x0000026b58884a90 Unloading class 0x0000026b011a4800 'java/lang/invoke/LambdaForm$DMH+0x0000026b011a4800'
Event: 70.871 Thread 0x0000026b58884a90 Unloading class 0x0000026b016ac800 'java/lang/invoke/LambdaForm$DMH+0x0000026b016ac800'
Event: 70.871 Thread 0x0000026b58884a90 Unloading class 0x0000026b016acc00 'java/lang/invoke/LambdaForm$DMH+0x0000026b016acc00'
Event: 70.871 Thread 0x0000026b58884a90 Unloading class 0x0000026b016ad000 'java/lang/invoke/LambdaForm$DMH+0x0000026b016ad000'

Classes redefined (0 events):
No events

Internal exceptions (20 events):
Event: 358.097 Thread 0x0000026b76541db0 Exception <a 'sun/nio/fs/WindowsException'{0x00000000d56ce630}> (0x00000000d56ce630) 
thrown [s\src\hotspot\share\prims\jni.cpp, line 520]
Event: 358.097 Thread 0x0000026b76541db0 Exception <a 'sun/nio/fs/WindowsException'{0x00000000d56cf158}> (0x00000000d56cf158) 
thrown [s\src\hotspot\share\prims\jni.cpp, line 520]
Event: 358.097 Thread 0x0000026b76541db0 Exception <a 'sun/nio/fs/WindowsException'{0x00000000d56d4900}> (0x00000000d56d4900) 
thrown [s\src\hotspot\share\prims\jni.cpp, line 520]
Event: 358.097 Thread 0x0000026b76541db0 Exception <a 'sun/nio/fs/WindowsException'{0x00000000d56d5418}> (0x00000000d56d5418) 
thrown [s\src\hotspot\share\prims\jni.cpp, line 520]
Event: 358.098 Thread 0x0000026b76541db0 Exception <a 'sun/nio/fs/WindowsException'{0x00000000d56d8018}> (0x00000000d56d8018) 
thrown [s\src\hotspot\share\prims\jni.cpp, line 520]
Event: 358.098 Thread 0x0000026b76541db0 Exception <a 'sun/nio/fs/WindowsException'{0x00000000d56d8b48}> (0x00000000d56d8b48) 
thrown [s\src\hotspot\share\prims\jni.cpp, line 520]
Event: 358.098 Thread 0x0000026b76541db0 Exception <a 'sun/nio/fs/WindowsException'{0x00000000d56e3870}> (0x00000000d56e3870) 
thrown [s\src\hotspot\share\prims\jni.cpp, line 520]
Event: 358.098 Thread 0x0000026b76541db0 Exception <a 'sun/nio/fs/WindowsException'{0x00000000d56e43c8}> (0x00000000d56e43c8) 
thrown [s\src\hotspot\share\prims\jni.cpp, line 520]
Event: 358.099 Thread 0x0000026b76541db0 Exception <a 'sun/nio/fs/WindowsException'{0x00000000d56e6140}> (0x00000000d56e6140) 
thrown [s\src\hotspot\share\prims\jni.cpp, line 520]
Event: 358.099 Thread 0x0000026b76541db0 Exception <a 'sun/nio/fs/WindowsException'{0x00000000d56e6c60}> (0x00000000d56e6c60) 
thrown [s\src\hotspot\share\prims\jni.cpp, line 520]
Event: 358.099 Thread 0x0000026b76541db0 Exception <a 'sun/nio/fs/WindowsException'{0x00000000d56e8638}> (0x00000000d56e8638) 
thrown [s\src\hotspot\share\prims\jni.cpp, line 520]
Event: 358.099 Thread 0x0000026b76541db0 Exception <a 'sun/nio/fs/WindowsException'{0x00000000d56e9190}> (0x00000000d56e9190) 
thrown [s\src\hotspot\share\prims\jni.cpp, line 520]
Event: 358.099 Thread 0x0000026b76541db0 Exception <a 'sun/nio/fs/WindowsException'{0x00000000d56eab90}> (0x00000000d56eab90) 
thrown [s\src\hotspot\share\prims\jni.cpp, line 520]
Event: 358.099 Thread 0x0000026b76541db0 Exception <a 'sun/nio/fs/WindowsException'{0x00000000d56eb910}> (0x00000000d56eb910) 
thrown [s\src\hotspot\share\prims\jni.cpp, line 520]
Event: 358.099 Thread 0x0000026b76541db0 Implicit null exception at 0x0000026b63dfd386 to 0x0000026b63dfd700
Event: 358.163 Thread 0x0000026b76541db0 Exception <a 'java/lang/NoSuchMethodError'{0x00000000d5835c70}: static [J.<clinit>()V> (0x00000000d5835c70) 
thrown [s\src\hotspot\share\prims\jni.cpp, line 1111]
Event: 358.195 Thread 0x0000026b76541db0 Exception <a 'java/lang/NoSuchMethodError'{0x00000000d58df328}: 'java.lang.Object java.lang.invoke.DirectMethodHandle$Holder.newInvokeSpecial(java.lang.Object, java.lang.Object, java.lang.Object, java.lang.Object, java.lang.Object, java.lang.Object, java.lang.Object, java.lang.Object)'> (0x00000000d58df328) 
thrown [s\src\hotspot\share\interpreter\linkResolver.cpp, line 773]
Event: 358.228 Thread 0x0000026b76541db0 Implicit null exception at 0x0000026b636b4fce to 0x0000026b636b5924
Event: 1394.887 Thread 0x0000026b76dab8a0 Exception <a 'java/lang/IncompatibleClassChangeError'{0x00000000d58235c8}: Found class java.lang.Object, but interface was expected> (0x00000000d58235c8) 
thrown [s\src\hotspot\share\interpreter\linkResolver.cpp, line 840]
Event: 1394.891 Thread 0x0000026b76dab8a0 Exception <a 'java/lang/IncompatibleClassChangeError'{0x00000000d58275c8}: Found class java.lang.Object, but interface was expected> (0x00000000d58275c8) 
thrown [s\src\hotspot\share\interpreter\linkResolver.cpp, line 840]

ZGC Phase Switch (0 events):
No events

VM Operations (20 events):
Event: 5191.669 Executing non-safepoint VM operation: RendezvousGCThreads
Event: 5191.669 Executing non-safepoint VM operation: RendezvousGCThreads done
Event: 5251.864 Executing non-safepoint VM operation: HandshakeAllThreads (HandshakeForDeflation)
Event: 5251.864 Executing non-safepoint VM operation: HandshakeAllThreads (HandshakeForDeflation) done
Event: 5251.864 Executing non-safepoint VM operation: RendezvousGCThreads
Event: 5251.864 Executing non-safepoint VM operation: RendezvousGCThreads done
Event: 5311.909 Executing non-safepoint VM operation: HandshakeAllThreads (HandshakeForDeflation)
Event: 5311.913 Executing non-safepoint VM operation: HandshakeAllThreads (HandshakeForDeflation) done
Event: 5311.913 Executing non-safepoint VM operation: RendezvousGCThreads
Event: 5311.913 Executing non-safepoint VM operation: RendezvousGCThreads done
Event: 5371.933 Executing non-safepoint VM operation: HandshakeAllThreads (HandshakeForDeflation)
Event: 5371.933 Executing non-safepoint VM operation: HandshakeAllThreads (HandshakeForDeflation) done
Event: 5371.934 Executing non-safepoint VM operation: RendezvousGCThreads
Event: 5371.934 Executing non-safepoint VM operation: RendezvousGCThreads done
Event: 5449.650 Executing safepoint VM operation: Cleanup
Event: 5449.650 Executing safepoint VM operation: Cleanup done
Event: 5792.824 Executing non-safepoint VM operation: HandshakeAllThreads (HandshakeForDeflation)
Event: 5792.827 Executing non-safepoint VM operation: HandshakeAllThreads (HandshakeForDeflation) done
Event: 5792.827 Executing non-safepoint VM operation: RendezvousGCThreads
Event: 5792.827 Executing non-safepoint VM operation: RendezvousGCThreads done

Memory protections (0 events):
No events

Nmethod flushes (20 events):
Event: 70.891 Thread 0x0000026b58884a90 flushing  nmethod 0x0000026b5c624510
Event: 70.891 Thread 0x0000026b58884a90 flushing  nmethod 0x0000026b5c629410
Event: 70.891 Thread 0x0000026b58884a90 flushing  nmethod 0x0000026b5c632b10
Event: 70.891 Thread 0x0000026b58884a90 flushing  nmethod 0x0000026b5c64d390
Event: 70.891 Thread 0x0000026b58884a90 flushing  nmethod 0x0000026b5c65ec10
Event: 70.891 Thread 0x0000026b58884a90 flushing  nmethod 0x0000026b5c69d710
Event: 70.891 Thread 0x0000026b58884a90 flushing  nmethod 0x0000026b5c6aab90
Event: 70.891 Thread 0x0000026b58884a90 flushing osr nmethod 0x0000026b5c6af590
Event: 70.891 Thread 0x0000026b58884a90 flushing  nmethod 0x0000026b5c6c6310
Event: 70.891 Thread 0x0000026b58884a90 flushing  nmethod 0x0000026b5c6c7010
Event: 70.891 Thread 0x0000026b58884a90 flushing osr nmethod 0x0000026b5c6c8510
Event: 70.891 Thread 0x0000026b58884a90 flushing  nmethod 0x0000026b5c6ea710
Event: 70.891 Thread 0x0000026b58884a90 flushing  nmethod 0x0000026b5c6ead10
Event: 70.891 Thread 0x0000026b58884a90 flushing  nmethod 0x0000026b5c6ebb90
Event: 70.891 Thread 0x0000026b58884a90 flushing  nmethod 0x0000026b5c6edd10
Event: 70.891 Thread 0x0000026b58884a90 flushing  nmethod 0x0000026b5c6f9c90
Event: 70.891 Thread 0x0000026b58884a90 flushing  nmethod 0x0000026b5c6ff010
Event: 70.891 Thread 0x0000026b58884a90 flushing  nmethod 0x0000026b5c723a90
Event: 70.891 Thread 0x0000026b58884a90 flushing  nmethod 0x0000026b5c740010
Event: 70.891 Thread 0x0000026b58884a90 flushing  nmethod 0x0000026b5c74e090

Events (20 events):
Event: 763.998 Thread 0x0000026b7865f6f0 Thread exited: 0x0000026b7865f6f0
Event: 803.306 Thread 0x0000026b7865d620 Thread exited: 0x0000026b7865d620
Event: 943.930 Thread 0x0000026b763775e0 Thread exited: 0x0000026b763775e0
Event: 1243.941 Thread 0x0000026b7865cf90 Thread exited: 0x0000026b7865cf90
Event: 1395.130 Thread 0x0000026b76dab8a0 Thread added: 0x0000026b7a906370
Event: 1395.134 Thread 0x0000026b7a906370 Thread added: 0x0000026b7a903c10
Event: 1455.242 Thread 0x0000026b7a906370 Thread exited: 0x0000026b7a906370
Event: 1515.243 Thread 0x0000026b7a903c10 Thread exited: 0x0000026b7a903c10
Event: 1543.957 Thread 0x0000026b76374e80 Thread exited: 0x0000026b76374e80
Event: 1843.975 Thread 0x0000026b763768c0 Thread exited: 0x0000026b763768c0
Event: 2143.994 Thread 0x0000026b76376230 Thread exited: 0x0000026b76376230
Event: 2403.713 Thread 0x0000026b76dab8a0 Thread added: 0x0000026b7a906370
Event: 2403.718 Thread 0x0000026b7a906370 Thread added: 0x0000026b7a904930
Event: 2443.997 Thread 0x0000026b76376f50 Thread exited: 0x0000026b76376f50
Event: 2463.898 Thread 0x0000026b7a906370 Thread exited: 0x0000026b7a906370
Event: 2523.903 Thread 0x0000026b7a904930 Thread exited: 0x0000026b7a904930
Event: 2744.007 Thread 0x0000026b78660aa0 Thread exited: 0x0000026b78660aa0
Event: 3044.012 Thread 0x0000026b76373ad0 Thread exited: 0x0000026b76373ad0
Event: 3344.015 Thread 0x0000026b76375ba0 Thread exited: 0x0000026b76375ba0
Event: 3644.035 Thread 0x0000026b76373440 Thread exited: 0x0000026b76373440


Dynamic libraries:
0x00007ff6a3d30000 - 0x00007ff6a3d3e000 	c:\Users\harih\.vscode\extensions\redhat.java-1.55.0-win32-x64\jre\21.0.11-win32-x86_64\bin\java.exe
0x00007ffc11ca0000 - 0x00007ffc11f06000 	C:\WINDOWS\SYSTEM32\ntdll.dll
0x00007ffc10250000 - 0x00007ffc10319000 	C:\WINDOWS\System32\KERNEL32.DLL
0x00007ffc0f100000 - 0x00007ffc0f500000 	C:\WINDOWS\System32\KERNELBASE.dll
0x00007ffc0efa0000 - 0x00007ffc0f0ec000 	C:\WINDOWS\System32\ucrtbase.dll
0x00007ffbd2b00000 - 0x00007ffbd2b18000 	c:\Users\harih\.vscode\extensions\redhat.java-1.55.0-win32-x64\jre\21.0.11-win32-x86_64\bin\jli.dll
0x00007ffbc8960000 - 0x00007ffbc897e000 	c:\Users\harih\.vscode\extensions\redhat.java-1.55.0-win32-x64\jre\21.0.11-win32-x86_64\bin\VCRUNTIME140.dll
0x00007ffc0feb0000 - 0x00007ffc10077000 	C:\WINDOWS\System32\USER32.dll
0x00007ffc0ef70000 - 0x00007ffc0ef97000 	C:\WINDOWS\System32\win32u.dll
0x00007ffc11ac0000 - 0x00007ffc11aeb000 	C:\WINDOWS\System32\GDI32.dll
0x00007ffc0f690000 - 0x00007ffc0f7b9000 	C:\WINDOWS\System32\gdi32full.dll
0x00007ffc0eec0000 - 0x00007ffc0ef63000 	C:\WINDOWS\System32\msvcp_win.dll
0x00007ffbf7890000 - 0x00007ffbf7b22000 	C:\WINDOWS\WinSxS\amd64_microsoft.windows.common-controls_6595b64144ccf1df_6.0.26100.8737_none_3e092eaee333b772\COMCTL32.dll
0x00007ffc0f9d0000 - 0x00007ffc0fa79000 	C:\WINDOWS\System32\msvcrt.dll
0x00007ffc10bf0000 - 0x00007ffc10c22000 	C:\WINDOWS\System32\IMM32.DLL
0x00007ffbc8950000 - 0x00007ffbc895c000 	c:\Users\harih\.vscode\extensions\redhat.java-1.55.0-win32-x64\jre\21.0.11-win32-x86_64\bin\vcruntime140_1.dll
0x00007ffb48690000 - 0x00007ffb4871d000 	c:\Users\harih\.vscode\extensions\redhat.java-1.55.0-win32-x64\jre\21.0.11-win32-x86_64\bin\msvcp140.dll
0x00007ffb456c0000 - 0x00007ffb46462000 	c:\Users\harih\.vscode\extensions\redhat.java-1.55.0-win32-x64\jre\21.0.11-win32-x86_64\bin\server\jvm.dll
0x00007ffc0fd80000 - 0x00007ffc0fe37000 	C:\WINDOWS\System32\ADVAPI32.dll
0x00007ffc10320000 - 0x00007ffc103ca000 	C:\WINDOWS\System32\sechost.dll
0x00007ffc10d00000 - 0x00007ffc10e18000 	C:\WINDOWS\System32\RPCRT4.dll
0x00007ffc10080000 - 0x00007ffc10100000 	C:\WINDOWS\System32\WS2_32.dll
0x00007ffc0ed20000 - 0x00007ffc0ed7e000 	C:\WINDOWS\SYSTEM32\POWRPROF.dll
0x00007ffc03f10000 - 0x00007ffc03f46000 	C:\WINDOWS\SYSTEM32\WINMM.dll
0x00007ffc033d0000 - 0x00007ffc033db000 	C:\WINDOWS\SYSTEM32\VERSION.dll
0x00007ffc0ed00000 - 0x00007ffc0ed14000 	C:\WINDOWS\SYSTEM32\UMPDC.dll
0x00007ffc0dba0000 - 0x00007ffc0dbbb000 	C:\WINDOWS\SYSTEM32\kernel.appcore.dll
0x00007ffbc8940000 - 0x00007ffbc894a000 	c:\Users\harih\.vscode\extensions\redhat.java-1.55.0-win32-x64\jre\21.0.11-win32-x86_64\bin\jimage.dll
0x00007ffc0c5e0000 - 0x00007ffc0c822000 	C:\WINDOWS\SYSTEM32\DBGHELP.DLL
0x00007ffc10860000 - 0x00007ffc10be3000 	C:\WINDOWS\System32\combase.dll
0x00007ffc10f20000 - 0x00007ffc10ff9000 	C:\WINDOWS\System32\OLEAUT32.dll
0x00007ffbef690000 - 0x00007ffbef6cb000 	C:\WINDOWS\SYSTEM32\dbgcore.DLL
0x00007ffc0f910000 - 0x00007ffc0f9bc000 	C:\WINDOWS\System32\bcryptPrimitives.dll
0x00007ffbfd1c0000 - 0x00007ffbfd1cf000 	c:\Users\harih\.vscode\extensions\redhat.java-1.55.0-win32-x64\jre\21.0.11-win32-x86_64\bin\instrument.dll
0x00007ffbc90c0000 - 0x00007ffbc90e0000 	c:\Users\harih\.vscode\extensions\redhat.java-1.55.0-win32-x64\jre\21.0.11-win32-x86_64\bin\java.dll
0x00007ffc11320000 - 0x00007ffc11ab2000 	C:\WINDOWS\System32\SHELL32.dll
0x00007ffc0c940000 - 0x00007ffc0d1d2000 	C:\WINDOWS\SYSTEM32\windows.storage.dll
0x00007ffc0fc70000 - 0x00007ffc0fd67000 	C:\WINDOWS\System32\SHCORE.dll
0x00007ffc0fe40000 - 0x00007ffc0fea7000 	C:\WINDOWS\System32\shlwapi.dll
0x00007ffc0ede0000 - 0x00007ffc0ee09000 	C:\WINDOWS\SYSTEM32\profapi.dll
0x00007ffb77100000 - 0x00007ffb77118000 	c:\Users\harih\.vscode\extensions\redhat.java-1.55.0-win32-x64\jre\21.0.11-win32-x86_64\bin\zip.dll
0x00007ffbc3a50000 - 0x00007ffbc3a60000 	C:\Users\harih\.vscode\extensions\redhat.java-1.55.0-win32-x64\jre\21.0.11-win32-x86_64\bin\net.dll
0x00007ffbfe830000 - 0x00007ffbfe959000 	C:\WINDOWS\SYSTEM32\WINHTTP.dll
0x00007ffc0e150000 - 0x00007ffc0e1bc000 	C:\WINDOWS\system32\mswsock.dll
0x00007ffb4b2d0000 - 0x00007ffb4b2e6000 	C:\Users\harih\.vscode\extensions\redhat.java-1.55.0-win32-x64\jre\21.0.11-win32-x86_64\bin\nio.dll
0x00007ffbc2e00000 - 0x00007ffbc2e10000 	c:\Users\harih\.vscode\extensions\redhat.java-1.55.0-win32-x64\jre\21.0.11-win32-x86_64\bin\verify.dll
0x00007ffb8d170000 - 0x00007ffb8d1b5000 	C:\Users\harih\AppData\Roaming\Code\User\globalStorage\redhat.java\1.55.0\config_win\org.eclipse.equinox.launcher\org.eclipse.equinox.launcher.win32.win32.x86_64_1.3.100.v20260613-0559\eclipse_11924.dll
0x00007ffc11000000 - 0x00007ffc11199000 	C:\WINDOWS\System32\ole32.dll
0x00007ffc0e470000 - 0x00007ffc0e48b000 	C:\WINDOWS\SYSTEM32\CRYPTSP.dll
0x00007ffc0db00000 - 0x00007ffc0db39000 	C:\WINDOWS\system32\rsaenh.dll
0x00007ffc0e210000 - 0x00007ffc0e242000 	C:\WINDOWS\SYSTEM32\USERENV.dll
0x00007ffc0edb0000 - 0x00007ffc0edda000 	C:\WINDOWS\SYSTEM32\bcrypt.dll
0x00007ffc0e450000 - 0x00007ffc0e45c000 	C:\WINDOWS\SYSTEM32\CRYPTBASE.dll
0x00007ffc0d580000 - 0x00007ffc0d5b3000 	C:\WINDOWS\SYSTEM32\IPHLPAPI.DLL
0x00007ffc10cf0000 - 0x00007ffc10cfa000 	C:\WINDOWS\System32\NSI.dll
0x00007ffbcb8b0000 - 0x00007ffbcb8f9000 	C:\Users\harih\AppData\Local\Temp\jna-99048824\jna7405988530809156459.dll
0x00007ffc0fc60000 - 0x00007ffc0fc68000 	C:\WINDOWS\System32\PSAPI.DLL
0x00007ffc05890000 - 0x00007ffc058ad000 	C:\WINDOWS\SYSTEM32\dhcpcsvc6.DLL
0x00007ffc05860000 - 0x00007ffc05885000 	C:\WINDOWS\SYSTEM32\dhcpcsvc.DLL

JVMTI agents:
c:\Users\harih\.vscode\extensions\redhat.java-1.55.0-win32-x64\lombok\lombok-1.18.39-4050.jar path:c:\Users\harih\.vscode\extensions\redhat.java-1.55.0-win32-x64\jre\21.0.11-win32-x86_64\bin\instrument.dll, loaded, initialized, instrumentlib options:none

dbghelp: loaded successfully - version: 4.0.5 - missing functions: none
symbol engine: initialized successfully - sym options: 0x614 - pdb path: .;c:\Users\harih\.vscode\extensions\redhat.java-1.55.0-win32-x64\jre\21.0.11-win32-x86_64\bin;C:\WINDOWS\SYSTEM32;C:\WINDOWS\WinSxS\amd64_microsoft.windows.common-controls_6595b64144ccf1df_6.0.26100.8737_none_3e092eaee333b772;c:\Users\harih\.vscode\extensions\redhat.java-1.55.0-win32-x64\jre\21.0.11-win32-x86_64\bin\server;C:\Users\harih\AppData\Roaming\Code\User\globalStorage\redhat.java\1.55.0\config_win\org.eclipse.equinox.launcher\org.eclipse.equinox.launcher.win32.win32.x86_64_1.3.100.v20260613-0559;C:\Users\harih\AppData\Local\Temp\jna-99048824

VM Arguments:
jvm_args: --add-modules=ALL-SYSTEM --add-opens=java.base/java.util=ALL-UNNAMED --add-opens=java.base/java.lang=ALL-UNNAMED --add-opens=java.base/sun.nio.fs=ALL-UNNAMED -Declipse.application=org.eclipse.jdt.ls.core.id1 -Dosgi.bundles.defaultStartLevel=4 -Declipse.product=org.eclipse.jdt.ls.core.product -Djava.import.generatesMetadataFilesAtProjectRoot=false -DDetectVMInstallationsJob.disabled=true -Dfile.encoding=utf8 -XX:+UseParallelGC -XX:GCTimeRatio=4 -XX:AdaptiveSizePolicyWeight=90 -Dsun.zip.disableMemoryMapping=true -Xmx2G -Xms100m -Xlog:disable -javaagent:c:\Users\harih\.vscode\extensions\redhat.java-1.55.0-win32-x64\lombok\lombok-1.18.39-4050.jar -XX:+HeapDumpOnOutOfMemoryError -XX:HeapDumpPath=c:\Users\harih\AppData\Roaming\Code\User\workspaceStorage\e34770d203d12c85380cd6f5acdbab8e\redhat.java -Daether.dependencyCollector.impl=bf 
java_command: c:\Users\harih\.vscode\extensions\redhat.java-1.55.0-win32-x64\server\plugins\org.eclipse.equinox.launcher_1.7.200.v20260619-2039.jar -configuration c:\Users\harih\AppData\Roaming\Code\User\globalStorage\redhat.java\1.55.0\config_win -data c:\Users\harih\AppData\Roaming\Code\User\workspaceStorage\e34770d203d12c85380cd6f5acdbab8e\redhat.java\jdt_ws --pipe=\\.\pipe\lsp-afb143e66d443c9c5cc58c8d10f7ddd9-sock
java_class_path (initial): c:\Users\harih\.vscode\extensions\redhat.java-1.55.0-win32-x64\server\plugins\org.eclipse.equinox.launcher_1.7.200.v20260619-2039.jar
Launcher Type: SUN_STANDARD

[Global flags]
    uintx AdaptiveSizePolicyWeight                 = 90                                        {product} {command line}
     intx CICompilerCount                          = 4                                         {product} {ergonomic}
    uintx GCTimeRatio                              = 4                                         {product} {command line}
     bool HeapDumpOnOutOfMemoryError               = true                                   {manageable} {command line}
    ccstr HeapDumpPath                             = c:\Users\harih\AppData\Roaming\Code\User\workspaceStorage\e34770d203d12c85380cd6f5acdbab8e\redhat.java         {manageable} {command line}
   size_t InitialHeapSize                          = 104857600                                 {product} {command line}
   size_t MaxHeapSize                              = 2147483648                                {product} {command line}
   size_t MaxNewSize                               = 715653120                                 {product} {ergonomic}
   size_t MinHeapDeltaBytes                        = 524288                                    {product} {ergonomic}
   size_t MinHeapSize                              = 104857600                                 {product} {command line}
   size_t NewSize                                  = 34603008                                  {product} {ergonomic}
    uintx NonNMethodCodeHeapSize                   = 5839372                                {pd product} {ergonomic}
    uintx NonProfiledCodeHeapSize                  = 122909434                              {pd product} {ergonomic}
   size_t OldSize                                  = 70254592                                  {product} {ergonomic}
    uintx ProfiledCodeHeapSize                     = 122909434                              {pd product} {ergonomic}
    uintx ReservedCodeCacheSize                    = 251658240                              {pd product} {ergonomic}
     bool SegmentedCodeCache                       = true                                      {product} {ergonomic}
   size_t SoftMaxHeapSize                          = 2147483648                             {manageable} {ergonomic}
     bool UseCompressedOops                        = true                           {product lp64_product} {ergonomic}
     bool UseLargePagesIndividualAllocation        = false                                  {pd product} {ergonomic}
     bool UseParallelGC                            = true                                      {product} {command line}

Logging:
Log output configuration:
 #0: stdout all=off uptime,level,tags foldmultilines=false
 #1: stderr all=off uptime,level,tags foldmultilines=false

Release file:
JAVA_VERSION="21.0.11" 
MODULES="java.base java.compiler java.datatransfer java.xml java.prefs java.desktop java.instrument java.logging java.management java.security.sasl java.naming java.rmi java.management.rmi java.net.http java.scripting java.security.jgss java.transaction.xa java.sql java.sql.rowset java.xml.crypto java.se java.smartcardio jdk.accessibility jdk.internal.jvmstat jdk.attach jdk.charsets jdk.internal.opt jdk.zipfs jdk.compiler jdk.crypto.ec jdk.crypto.cryptoki jdk.crypto.mscapi jdk.dynalink jdk.internal.ed jdk.editpad jdk.hotspot.agent jdk.httpserver jdk.internal.le jdk.internal.vm.ci jdk.internal.vm.compiler jdk.internal.vm.compiler.management jdk.jartool jdk.javadoc jdk.jcmd jdk.management jdk.management.agent jdk.jconsole jdk.jdeps jdk.jdwp.agent jdk.jdi jdk.jfr jdk.jshell jdk.jsobject jdk.jstatd jdk.localedata jdk.management.jfr jdk.naming.dns jdk.naming.rmi jdk.net jdk.nio.mapmode jdk.random jdk.sctp jdk.security.auth jdk.security.jgss jdk.unsupported jdk.unsupported.desktop jdk.xml.dom" 

Environment Variables:
PATH=C:\app\harih\product\21c\dbhomeXE\bin;C:\Program Files\Common Files\Oracle\Java\javapath;C:\Windows\system32;C:\Windows;C:\Windows\System32\Wbem;C:\Windows\System32\WindowsPowerShell\v1.0\;C:\Windows\System32\OpenSSH\;C:\Program Files (x86)\NVIDIA Corporation\PhysX\Common;C:\ProgramData\chocolatey\bin;C:\xampp\php;C:\Program Files\MongoDB\Server\7.0\bin;C:\mongosh-2.1.1-win32-x64 (1).zip\mongosh-2.1.1-win32-x64;C:\Program Files\MongoDB\mongosh-2.1.1-win32-x64\bin;C:\Program Files\Java\jdk-21\bin;C:\Program Files\dotnet\;C:\src\flutter\bin;C:\Program Files\Git\cmd;C:\Program Files\Git\mingw64\bin;C:\Program Files\Git\usr\bin;C:\Program Files\Git LFS;C:\Program Files\MongoDB\Server\8.0\bin\InstallCompass.ps1;C:\Program Files\NVIDIA Corporation\NVIDIA app\NvDLISR;C:\Program Files (x86)\Microsoft SQL Server\160\Tools\Binn\;C:\Program Files\Microsoft SQL Server\160\Tools\Binn\;C:\Program Files\Microsoft SQL Server\Client SDK\ODBC\170\Tools\Binn\;C:\Program Files\Microsoft SQL Server\160\DTS\Binn\;C:\WINDOWS\system32;C:\WINDOWS;C:\WINDOWS\System32\Wbem;C:\WINDOWS\System32\WindowsPowerShell\v1.0\;C:\WINDOWS\System32\OpenSSH\;C:\Program Files\Docker\Docker\resources\bin;C:\MinGW\bin;C:\Program Files\Cloudflare\Cloudflare WARP\;C:\Program Files\nodejs\;C:\Users\harih\.local\bin;C:\Users\harih\AppData\Local\Microsoft\WindowsApps;C:\Users\harih\OneDrive\Desktop\flutter_windows_3.19.3-stable\flutter\bin;C:\flutter\bin;C:\src\flutter\bin;C:\Users\harih\AppData\Local\Programs\Microsoft VS Code\bin;C:\msys64\ucrt64\bin;C:\Users\harih\AppData\Local\Programs\Zed\bin;C:\Users\harih\AppData\Local\Programs\Antigravity\bin;C:\Users\harih\AppData\Roaming\npm;C:\Users\harih\AppData\Local\Programs\cursor\resources\app\bin;C:\Users\harih\AppData\Local\Programs\Antigravity IDE\bin
USERNAME=harih
OS=Windows_NT
PROCESSOR_IDENTIFIER=Intel64 Family 6 Model 141 Stepping 1, GenuineIntel
TMP=C:\Users\harih\AppData\Local\Temp
TEMP=C:\Users\harih\AppData\Local\Temp




Periodic native trim disabled

---------------  S Y S T E M  ---------------

OS:
 Windows 11 , 64 bit Build 26100 (10.0.26100.8737)
OS uptime: 0 days 5:37 hours
Hyper-V role detected

CPU: total 12 (initial active 12) (6 cores per cpu, 2 threads per core) family 6 model 141 stepping 1 microcode 0x34, cx8, cmov, fxsr, ht, mmx, 3dnowpref, sse, sse2, sse3, ssse3, sse4.1, sse4.2, popcnt, lzcnt, tsc, tscinvbit, avx, avx2, aes, erms, clmul, bmi1, bmi2, adx, avx512f, avx512dq, avx512cd, avx512bw, avx512vl, sha, fma, vzeroupper, avx512_vpopcntdq, avx512_vpclmulqdq, avx512_vaes, avx512_vnni, clflush, clflushopt, clwb, avx512_vbmi2, avx512_vbmi, hv, rdtscp, rdpid, fsrm, gfni, avx512_bitalg, f16c, cet_ibt, cet_ss, avx512_ifma
Processor Information for the first 12 processors :
  Max Mhz: 2688, Current Mhz: 2688, Mhz Limit: 2688

Memory: 4k page, system-wide physical 7930M (281M free)
TotalPageFile size 32506M (AvailPageFile size 0M)
current process WorkingSet (physical memory assigned to process): 10M, peak: 487M
current process commit charge ("private bytes"): 643M, peak: 668M

vm_info: OpenJDK 64-Bit Server VM (21.0.11+10-LTS) for windows-amd64 JRE (21.0.11+10-LTS), built on 2026-04-21T00:00:00Z by "admin" with MS VC++ 17.12 (VS2022)

END.
